---------------------------------------------------------------------------------------------------------------------------------------------------------
      name:  <unnamed>
       log:  C:\Users\marcelot\Dropbox\Freelancer\Stata F-Test\GitHub Tasks 1 and 2\clubSandwich-Stata\reg_sandwich\wrapper_tests_log.txt
  log type:  text
 opened on:   9 Feb 2017, 12:25:07

. ***********************************************
. display "Tests if the wrapper reg_sandwich is calling the appropriate functions"
Tests if the wrapper reg_sandwich is calling the appropriate functions

. display "The goal of theses tests is to check if the coefficients, se and dfs are being properly calculated"
The goal of theses tests is to check if the coefficients, se and dfs are being properly calculated

. display "To match aweights with R, R pop needs to be divided by 100"
To match aweights with R, R pop needs to be divided by 100

. display "DateTime: $S_DATE $S_TIME"
DateTime:  9 Feb 2017 12:25:07

. 
. use "MortalityRates", replace

. 
. * filter: cause=="Motor Vehicle"
. label list cause
cause:
           1 All
           2 Motor Vehicle
           3 Suicide
           4 Internal

. keep if cause == 2
(4,131 observations deleted)

. 
. * model specification
. 
. local specification = "mrate legal beertaxa beerpercap winepercap i.year"

.   
. * unweighted
. * ols_pooled <- lm(specification, data = MV_Mortality)
. *coef_test(ols_pooled, vcov = "CR2", cluster = MV_Mortality$state)
. * xi, noomit: reg `specification', nocons cluster(state)
. xi, noomit: reg_sandwich `specification', nocons cluster(state)


Robust standard error estimation using OLS
                                                      N Level 1     =     1361
                                                      N Level 2     =       51
                                                      Min Level 1 n =       11
                                                      Max Level 1 n =       27
                                                      Average       =    26.69
------------------------------------------------------------------------------
       mrate |      Coef.   Std. Err.  dfs       p-value   [95%Conf. Interval]
-------------+----------------------------------------------------------------
       legal |      -4.004   4.65      36.01     0.3951    -13.4398  5.4309
    beertaxa |      5.433    7.42       7.98     0.4851    -11.6872  22.5525
  beerpercap |      38.663  11.59      19.89     0.0033    14.4697   62.8560
  winepercap |      -43.787 13.45      10.08     0.0085    -73.7119  -13.8614
 _Iyear_1970 |      32.458  10.82      34.82     0.0050    10.4874   54.4292
 _Iyear_1971 |      29.543  11.50      34.13     0.0147    6.1737    52.9114
 _Iyear_1972 |      33.044  10.80      34.17     0.0043    11.0973   54.9916
 _Iyear_1973 |      32.288  11.24      34.18     0.0070    9.4477    55.1291
 _Iyear_1974 |      22.629  11.75      33.81     0.0625    -1.2519   46.5102
 _Iyear_1975 |      19.925  11.80      33.31     0.1006    -4.0707   43.9206
 _Iyear_1976 |      24.485  12.22      33.12     0.0533    -0.3672   49.3378
 _Iyear_1977 |      24.293  12.75      33.33     0.0653    -1.6280   50.2149
 _Iyear_1978 |      23.739  12.84      32.73     0.0735    -2.3900   49.8678
 _Iyear_1979 |      23.038  13.11      32.12     0.0883    -3.6550   49.7313
 _Iyear_1980 |      22.679  13.11      32.05     0.0932    -4.0209   49.3796
 _Iyear_1981 |      17.426  13.27      31.42     0.1986    -9.6205   44.4729
 _Iyear_1982 |      11.485  13.21      31.41     0.3912    -15.4421  38.4116
 _Iyear_1983 |      9.362   13.80      31.87     0.5023    -18.7457  37.4699
 _Iyear_1984 |      13.106  13.17      31.99     0.3272    -13.7249  39.9374
 _Iyear_1985 |      11.095  13.37      32.07     0.4128    -16.1387  38.3291
 _Iyear_1986 |      14.747  13.06      31.40     0.2672    -11.8672  41.3621
 _Iyear_1987 |      11.399  13.24      31.27     0.3958    -15.5912  38.3888
 _Iyear_1988 |      12.727  13.87      31.42     0.3656    -15.5356  40.9901
 _Iyear_1989 |      6.061   13.82      31.90     0.6639    -22.0890  34.2110
 _Iyear_1990 |      4.733   13.70      31.34     0.7320    -23.1906  32.6574
 _Iyear_1991 |      2.320   13.71      32.01     0.8667    -25.6059  30.2462
 _Iyear_1992 |      -1.652  13.89      31.91     0.9061    -29.9576  26.6541
 _Iyear_1993 |      -2.198  13.81      32.24     0.8745    -30.3141  25.9179
 _Iyear_1994 |      1.434   13.09      32.25     0.9135    -25.2227  28.0902
 _Iyear_1995 |      0.203   12.71      32.48     0.9874    -25.6718  26.0776
 _Iyear_1996 |      0.357   13.00      32.36     0.9782    -26.1167  26.8313
------------------------------------------------------------------------------

. ** Ftests:
. test_sandwich legal beertaxa


Small Sample Corrected F-test:
         F(2.0000,15.3836)   =    0.4364
         Prob > F            =    0.6541

. test_sandwich legal beerpercap


Small Sample Corrected F-test:
         F(2.0000,26.3146)   =    5.4030
         Prob > F            =    0.0108

. test_sandwich legal winepercap


Small Sample Corrected F-test:
         F(2.0000,16.5037)   =    7.7413
         Prob > F            =    0.0043

. 
. test_sandwich beertaxa beerpercap


Small Sample Corrected F-test:
         F(2.0000,13.7157)   =    6.0991
         Prob > F            =    0.0127

. test_sandwich beertaxa winepercap


Small Sample Corrected F-test:
         F(2.0000,11.1429)   =    10.3628
         Prob > F            =    0.0029

. 
. test_sandwich beerpercap winepercap


Small Sample Corrected F-test:
         F(2.0000,13.5708)   =    7.1582
         Prob > F            =    0.0075

. 
. test_sandwich legal beertaxa beerpercap


Small Sample Corrected F-test:
         F(3.0000,18.6606)   =    3.9721
         Prob > F            =    0.0239

. test_sandwich legal beertaxa winepercap


Small Sample Corrected F-test:
         F(3.0000,15.3297)   =    7.6209
         Prob > F            =    0.0024

. test_sandwich legal beerpercap winepercap


Small Sample Corrected F-test:
         F(3.0000,17.2870)   =    5.4258
         Prob > F            =    0.0082

. test_sandwich beertaxa beerpercap winepercap


Small Sample Corrected F-test:
         F(3.0000,13.4985)   =    7.6013
         Prob > F            =    0.0032

. 
. test_sandwich legal beertaxa beerpercap winepercap


Small Sample Corrected F-test:
         F(4.0000,16.2570)   =    5.8029
         Prob > F            =    0.0043

. 
. 
. 
. 
. * a-weighted
. * wls_pooled <- lm(specification, weights = pop, data = MV_Mortality)
. * coef_test(wls_pooled, vcov = "CR2", cluster = MV_Mortality$state, inverse_var = TRUE)
. *xi, noomit: reg `specification' [aweight=pop], nocons cluster(state)
. xi, noomit: reg_sandwich `specification' [aweight=pop], nocons cluster(state)


Robust standard error estimation using WLS (aweights)
                                                      N Level 1     =     1361
                                                      N Level 2     =       51
                                                      Min Level 1 n =       11
                                                      Max Level 1 n =       27
                                                      Average       =    26.69
------------------------------------------------------------------------------
       mrate |      Coef.   Std. Err.  dfs       p-value   [95%Conf. Interval]
-------------+----------------------------------------------------------------
       legal |      -4.236   4.87      16.99     0.3967    -14.5148  6.0424
    beertaxa |      18.519   6.41       7.42     0.0219    3.5300    33.5072
  beerpercap |      21.066   6.77      11.34     0.0096    6.2189    35.9131
  winepercap |      -19.099 15.36       6.25     0.2583    -56.3237  18.1258
 _Iyear_1970 |      32.521   9.42      24.19     0.0021    13.0820   51.9592
 _Iyear_1971 |      31.172   9.52      24.51     0.0032    11.5371   50.8071
 _Iyear_1972 |      33.631   9.68      24.44     0.0019    13.6742   53.5880
 _Iyear_1973 |      34.222   9.15      24.20     0.0010    15.3456   53.0986
 _Iyear_1974 |      26.911   8.74      23.98     0.0051    8.8744    44.9467
 _Iyear_1975 |      25.503   8.87      23.87     0.0084    7.1917    43.8138
 _Iyear_1976 |      28.490   9.00      23.59     0.0042    9.9062    47.0731
 _Iyear_1977 |      30.288   8.89      23.14     0.0024    11.8957   48.6811
 _Iyear_1978 |      32.226   8.95      23.11     0.0015    13.7171   50.7357
 _Iyear_1979 |      32.083   9.21      23.06     0.0020    13.0341   51.1313
 _Iyear_1980 |      30.810   9.39      23.44     0.0032    11.4117   50.2079
 _Iyear_1981 |      26.118   9.59      23.90     0.0119    6.3220    45.9131
 _Iyear_1982 |      20.041   9.29      23.93     0.0412    0.8699    39.2122
 _Iyear_1983 |      19.604   9.56      23.96     0.0513    -0.1235   39.3312
 _Iyear_1984 |      21.435   9.56      24.37     0.0344    1.7131    41.1565
 _Iyear_1985 |      20.476   9.49      24.59     0.0409    0.9152    40.0363
 _Iyear_1986 |      23.631   9.98      24.42     0.0261    3.0546    44.2069
 _Iyear_1987 |      20.785  10.03      24.16     0.0491    0.0841    41.4850
 _Iyear_1988 |      22.348  10.42      23.89     0.0423    0.8428    43.8527
 _Iyear_1989 |      16.759  10.21      23.71     0.1140    -4.3300   37.8482
 _Iyear_1990 |      15.310  10.04      23.32     0.1409    -5.4514   36.0707
 _Iyear_1991 |      13.689   9.92      23.18     0.1807    -6.8221   34.1997
 _Iyear_1992 |      8.715    9.91      23.72     0.3879    -11.7460  29.1754
 _Iyear_1993 |      9.717    9.87      23.11     0.3352    -10.6994  30.1324
 _Iyear_1994 |      11.295   9.57      23.02     0.2499    -8.4995   31.0904
 _Iyear_1995 |      10.576   9.44      23.20     0.2739    -8.9385   30.0899
 _Iyear_1996 |      10.964   9.76      23.35     0.2727    -9.2102   31.1387
------------------------------------------------------------------------------

. test_sandwich legal beertaxa


Small Sample Corrected F-test:
         F(2.0000,11.7237)   =    3.8442
         Prob > F            =    0.0520

. test_sandwich legal beerpercap


Small Sample Corrected F-test:
         F(2.0000,14.8020)   =    5.2027
         Prob > F            =    0.0194

. test_sandwich legal winepercap


Small Sample Corrected F-test:
         F(2.0000,8.1155)    =    1.0899
         Prob > F            =    0.3808

. 
. test_sandwich beertaxa beerpercap


Small Sample Corrected F-test:
         F(2.0000,10.1456)   =    5.6213
         Prob > F            =    0.0227

. test_sandwich beertaxa winepercap


Small Sample Corrected F-test:
         F(2.0000,7.8652)    =    5.2444
         Prob > F            =    0.0357

. 
. test_sandwich beerpercap winepercap


Small Sample Corrected F-test:
         F(2.0000,9.5543)    =    4.4818
         Prob > F            =    0.0424

. 
. test_sandwich legal beertaxa beerpercap


Small Sample Corrected F-test:
         F(3.0000,12.7921)   =    4.0502
         Prob > F            =    0.0314

. test_sandwich legal beertaxa winepercap


Small Sample Corrected F-test:
         F(3.0000,8.3620)    =    3.1811
         Prob > F            =    0.0819

. test_sandwich legal beerpercap winepercap


Small Sample Corrected F-test:
         F(3.0000,10.1022)   =    3.0972
         Prob > F            =    0.0757

. test_sandwich beertaxa beerpercap winepercap


Small Sample Corrected F-test:
         F(3.0000,9.8617)    =    3.7970
         Prob > F            =    0.0478

. 
. test_sandwich legal beertaxa beerpercap winepercap


Small Sample Corrected F-test:
         F(4.0000,9.8115)    =    2.8265
         Prob > F            =    0.0844

. 
. 
. * p-weighted
. * coef_test(wls_pooled, vcov = "CR2", cluster = MV_Mortality$state, inverse_var = FALSE)
. *xi, noomit: reg `specification' [pweight=pop], nocons cluster(state)
. xi, noomit: reg_sandwich `specification' [pweight=pop], nocons cluster(state)


Robust standard error estimation using WLS (pweights)
                                                      N Level 1     =     1361
                                                      N Level 2     =       51
                                                      Min Level 1 n =       11
                                                      Max Level 1 n =       27
                                                      Average       =    26.69
------------------------------------------------------------------------------
       mrate |      Coef.   Std. Err.  dfs       p-value   [95%Conf. Interval]
-------------+----------------------------------------------------------------
       legal |      -4.236   5.40       6.38     0.4608    -17.2602  8.7878
    beertaxa |      18.519   6.43       7.03     0.0235    3.3304    33.7069
  beerpercap |      21.066   6.79       4.15     0.0343    2.4917    39.6403
  winepercap | !    -19.099 19.24       1.96     0.4272    -1.0e+02  65.1782
 _Iyear_1970 |      32.521   9.35       9.31     0.0066    11.4721   53.5691
 _Iyear_1971 |      31.172   9.47       9.62     0.0086    9.9591    52.3851
 _Iyear_1972 |      33.631   9.58       9.76     0.0058    12.2231   55.0391
 _Iyear_1973 |      34.222   9.00       9.77     0.0036    14.0993   54.3449
 _Iyear_1974 |      26.911   8.52       9.98     0.0102    7.9153    45.9059
 _Iyear_1975 |      25.503   8.64       9.90     0.0147    6.2146    44.7908
 _Iyear_1976 |      28.490   8.78       9.93     0.0089    8.9093    48.0700
 _Iyear_1977 |      30.288   8.68       9.60     0.0062    10.8489   49.7278
 _Iyear_1978 |      32.226   8.71       9.67     0.0043    12.7356   51.7172
 _Iyear_1979 |      32.083   8.99       9.56     0.0055    11.9299   52.2355
 _Iyear_1980 |      30.810   9.15       9.80     0.0073    10.3721   51.2475
 _Iyear_1981 |      26.118   9.38      10.02     0.0193    5.2202    47.0149
 _Iyear_1982 |      20.041   9.07       9.76     0.0522    -0.2346   40.3167
 _Iyear_1983 |      19.604   9.33       9.59     0.0632    -1.3120   40.5197
 _Iyear_1984 |      21.435   9.37       9.68     0.0460    0.4678    42.4018
 _Iyear_1985 |      20.476   9.31       9.55     0.0538    -0.4055   41.3570
 _Iyear_1986 |      23.631   9.87       9.23     0.0397    1.3783    45.8831
 _Iyear_1987 |      20.785   9.96       8.90     0.0668    -1.7765   43.3455
 _Iyear_1988 |      22.348  10.40       8.64     0.0615    -1.3380   46.0335
 _Iyear_1989 |      16.759  10.17       8.46     0.1360    -6.4799   39.9982
 _Iyear_1990 |      15.310   9.99       8.29     0.1627    -7.5936   38.2129
 _Iyear_1991 |      13.689   9.88       8.19     0.2024    -9.0015   36.3791
 _Iyear_1992 |      8.715    9.87       8.50     0.4015    -13.8143  31.2437
 _Iyear_1993 |      9.717    9.85       7.97     0.3529    -13.0128  32.4458
 _Iyear_1994 |      11.295   9.52       7.79     0.2703    -10.7584  33.3494
 _Iyear_1995 |      10.576   9.44       8.01     0.2952    -11.1983  32.3498
 _Iyear_1996 |      10.964   9.83       7.99     0.2972    -11.7142  33.6427
------------------------------------------------------------------------------
! dof is less than 4, p-value untrustworthy
see Tipton, E. (in press) Small sample adjustments for robust variance
estimation with meta-regression. Forthcoming in Psychological Methods.

. test_sandwich legal beertaxa


Small Sample Corrected F-test:
         F(2.0000,7.0821)    =    3.6627
         Prob > F            =    0.0809

. test_sandwich legal beerpercap


Small Sample Corrected F-test:
         F(2.0000,5.0472)    =    4.4635
         Prob > F            =    0.0765

. test_sandwich legal winepercap


Small Sample Corrected F-test:
         F(2.0000,2.3857)    =    0.7222
         Prob > F            =    0.5685

. 
. test_sandwich beertaxa beerpercap


Small Sample Corrected F-test:
         F(2.0000,5.7135)    =    5.1952
         Prob > F            =    0.0518

. test_sandwich beertaxa winepercap


Small Sample Corrected F-test:
         F(2.0000,3.1578)    =    4.0779
         Prob > F            =    0.1333

. 
. test_sandwich beerpercap winepercap


Small Sample Corrected F-test:
         F(2.0000,2.7345)    =    3.5276
         Prob > F            =    0.1749

. 
. test_sandwich legal beertaxa beerpercap


Small Sample Corrected F-test:
         F(3.0000,6.0324)    =    3.4533
         Prob > F            =    0.0913

. test_sandwich legal beertaxa winepercap


Small Sample Corrected F-test:
         F(3.0000,2.9958)    =    2.1465
         Prob > F            =    0.2735

. test_sandwich legal beerpercap winepercap


Small Sample Corrected F-test:
         F(3.0000,2.8295)    =    2.1532
         Prob > F            =    0.2805

. test_sandwich beertaxa beerpercap winepercap


Small Sample Corrected F-test:
         F(3.0000,3.5260)    =    2.7057
         Prob > F            =    0.1958

. 
. test_sandwich legal beertaxa beerpercap winepercap


Small Sample Corrected F-test:
         F(4.0000,3.1834)    =    1.7776
         Prob > F            =    0.3242

. 
. 
. ** with absorption: 
. disp "WARNING: areg has no 'noconstant' option, therefore the values for the dummies are in a different level"
WARNING: areg has no 'noconstant' option, therefore the values for the dummies are in a different level

. 
. * unweighted
. * ols_within <- plm(update(specification, . ~ . - 0), data = MV_Mortality, effect = "individual", index = c("state","year"))
. *xi: areg `specification', absorb(state) cluster(state)
. xi: reg_sandwich `specification', absorb(state) cluster(state)
i.year            _Iyear_1970-1996    (naturally coded; _Iyear_1970 omitted)


Robust standard error estimation using OLS, with absorb option
                                                      N Level 1     =     1361
                                                      N Level 2     =       51
                                                      Min Level 1 n =       11
                                                      Max Level 1 n =       27
                                                      Average       =    26.69
------------------------------------------------------------------------------
       mrate |      Coef.   Std. Err.  dfs       p-value   [95%Conf. Interval]
-------------+----------------------------------------------------------------
       legal |      0.167    2.40      40.76     0.9449    -4.6752   5.0084
    beertaxa |      -1.150   6.16       8.36     0.8564    -15.2578  12.9573
  beerpercap |      32.100  11.28      28.76     0.0081    9.0272    55.1737
  winepercap |      9.196   19.38      16.13     0.6415    -31.8601  50.2529
 _Iyear_1971 |      -5.114   2.39      48.88     0.0371    -9.9087   -0.3184
 _Iyear_1972 |      -1.740   1.83      48.86     0.3451    -5.4076   1.9280
 _Iyear_1973 |      -3.233   1.94      48.35     0.1025    -7.1374   0.6718
 _Iyear_1974 |      -13.262  2.83      47.54     0.0000    -18.9513  -7.5730
 _Iyear_1975 |      -16.796  2.99      47.09     0.0000    -22.8172  -10.7753
 _Iyear_1976 |      -12.649  2.89      46.80     0.0001    -18.4689  -6.8293
 _Iyear_1977 |      -11.438  3.13      47.13     0.0006    -17.7267  -5.1502
 _Iyear_1978 |      -12.759  3.45      46.56     0.0006    -19.7069  -5.8117
 _Iyear_1979 |      -13.844  4.00      46.18     0.0012    -21.8961  -5.7920
 _Iyear_1980 |      -14.871  3.67      46.26     0.0002    -22.2568  -7.4852
 _Iyear_1981 |      -20.604  4.04      46.06     0.0000    -28.7296  -12.4777
 _Iyear_1982 |      -26.880  4.28      46.11     0.0000    -35.4985  -18.2609
 _Iyear_1983 |      -28.919  4.60      46.36     0.0000    -38.1689  -19.6699
 _Iyear_1984 |      -25.577  4.49      46.59     0.0000    -34.6108  -16.5439
 _Iyear_1985 |      -27.994  4.89      46.24     0.0000    -37.8427  -18.1449
 _Iyear_1986 |      -23.928  4.38      46.70     0.0000    -32.7471  -15.1081
 _Iyear_1987 |      -26.212  4.68      47.18     0.0000    -35.6313  -16.7919
 _Iyear_1988 |      -23.774  4.57      47.24     0.0000    -32.9672  -14.5804
 _Iyear_1989 |      -29.079  4.41      47.70     0.0000    -37.9376  -20.2208
 _Iyear_1990 |      -29.778  4.12      47.42     0.0000    -38.0617  -21.4933
 _Iyear_1991 |      -31.210  4.27      47.54     0.0000    -39.7930  -22.6278
 _Iyear_1992 |      -35.356  4.41      47.48     0.0000    -44.2340  -26.4781
 _Iyear_1993 |      -35.254  4.51      47.60     0.0000    -44.3175  -26.1910
 _Iyear_1994 |      -31.649  3.94      47.47     0.0000    -39.5800  -23.7173
 _Iyear_1995 |      -33.356  4.03      47.38     0.0000    -41.4558  -25.2567
 _Iyear_1996 |      -33.870  4.07      47.01     0.0000    -42.0648  -25.6760
------------------------------------------------------------------------------

. test_sandwich legal beertaxa


Small Sample Corrected F-test:
         F(2.0000,16.2943)   =    0.0166
         Prob > F            =    0.9835

. test_sandwich legal beerpercap


Small Sample Corrected F-test:
         F(2.0000,35.2447)   =    4.0817
         Prob > F            =    0.0254

. test_sandwich legal winepercap


Small Sample Corrected F-test:
         F(2.0000,25.3749)   =    0.1089
         Prob > F            =    0.8972

. 
. test_sandwich beertaxa beerpercap


Small Sample Corrected F-test:
         F(2.0000,13.2822)   =    6.1705
         Prob > F            =    0.0127

. test_sandwich beertaxa winepercap


Small Sample Corrected F-test:
         F(2.0000,13.8827)   =    0.1195
         Prob > F            =    0.8883

. 
. test_sandwich beerpercap winepercap


Small Sample Corrected F-test:
         F(2.0000,23.4896)   =    6.1333
         Prob > F            =    0.0072

. 
. test_sandwich legal beertaxa beerpercap


Small Sample Corrected F-test:
         F(3.0000,18.6434)   =    3.9962
         Prob > F            =    0.0234

. test_sandwich legal beertaxa winepercap


Small Sample Corrected F-test:
         F(3.0000,19.2166)   =    0.0774
         Prob > F            =    0.9715

. test_sandwich legal beerpercap winepercap


Small Sample Corrected F-test:
         F(3.0000,28.3958)   =    3.9940
         Prob > F            =    0.0172

. test_sandwich beertaxa beerpercap winepercap


Small Sample Corrected F-test:
         F(3.0000,17.0404)   =    4.3295
         Prob > F            =    0.0193

. 
. test_sandwich legal beertaxa beerpercap winepercap


Small Sample Corrected F-test:
         F(4.0000,20.6148)   =    3.1673
         Prob > F            =    0.0353

. 
. * a-weighted
. * wls_within <- lm(update(specification, . ~ . + factor(state)), weights = pop, data = MV_Mortality)
. * coef_test(wls_within, vcov = "CR2", cluster = MV_Mortality$state, inverse_var = TRUE)
. *xi, noomit: areg `specification' [aweight=pop], absorb(state) cluster(state)
. xi, noomit: reg_sandwich `specification' [aweight=pop], absorb(state) cluster(state)
note: _Iyear_1996 omitted because of collinearity


Robust standard error estimation using WLS (aweights), with absorb option
                                                      N Level 1     =     1361
                                                      N Level 2     =       51
                                                      Min Level 1 n =       11
                                                      Max Level 1 n =       27
                                                      Average       =    26.69
------------------------------------------------------------------------------
       mrate |      Coef.   Std. Err.  dfs       p-value   [95%Conf. Interval]
-------------+----------------------------------------------------------------
       legal |      2.213    2.02      23.10     0.2843    -1.9627   6.3893
    beertaxa |      4.833    4.82       8.65     0.3434    -6.1410   15.8070
  beerpercap |      24.158   6.34      24.24     0.0008    11.0690   37.2463
  winepercap |      6.002    9.62       7.54     0.5512    -16.4252  28.4290
 _Iyear_1970 |      24.785   2.62      21.43     0.0000    19.3361   30.2346
 _Iyear_1971 |      22.285   2.07      23.94     0.0000    18.0042   26.5668
 _Iyear_1972 |      24.119   2.31      23.47     0.0000    19.3411   28.8972
 _Iyear_1973 |      23.164   2.07      23.79     0.0000    18.8866   27.4423
 _Iyear_1974 |      14.498   1.77      24.19     0.0000    10.8427   18.1529
 _Iyear_1975 |      12.237   1.59      24.59     0.0000    8.9663    15.5073
 _Iyear_1976 |      14.899   1.54      24.71     0.0000    11.7210   18.0772
 _Iyear_1977 |      17.149   2.25      22.81     0.0000    12.4988   21.7994
 _Iyear_1978 |      18.336   2.00      24.01     0.0000    14.2086   22.4635
 _Iyear_1979 |      17.830   2.14      25.23     0.0000    13.4208   22.2399
 _Iyear_1980 |      16.026   2.04      25.98     0.0000    11.8383   20.2131
 _Iyear_1981 |      10.974   1.88      26.27     0.0000    7.1207    14.8278
 _Iyear_1982 |      4.819    1.72      25.88     0.0096    1.2762    8.3622
 _Iyear_1983 |      4.712    1.66      26.14     0.0088    1.2948    8.1293
 _Iyear_1984 |      6.691    1.70      26.50     0.0006    3.1915    10.1905
 _Iyear_1985 |      5.754    1.52      26.71     0.0008    2.6339    8.8737
 _Iyear_1986 |      9.604    1.34      26.66     0.0000    6.8601    12.3485
 _Iyear_1987 |      7.896    1.33      25.77     0.0000    5.1615    10.6303
 _Iyear_1988 |      10.159   1.09      24.85     0.0000    7.9112    12.4073
 _Iyear_1989 |      5.331    1.04      23.95     0.0000    3.1764    7.4856
 _Iyear_1990 |      3.915    1.25      24.13     0.0044    1.3461    6.4843
 _Iyear_1991 |      3.251    1.36      23.34     0.0250    0.4458    6.0571
 _Iyear_1992 |      -1.966   1.18      23.74     0.1101    -4.4127   0.4802
 _Iyear_1993 |      -0.563   1.25      22.84     0.6576    -3.1590   2.0323
 _Iyear_1994 |      0.981    1.54      22.64     0.5313    -2.2139   4.1758
 _Iyear_1995 |      0.102    1.45      22.88     0.9449    -2.9083   3.1115
------------------------------------------------------------------------------

. test_sandwich legal beertaxa


Small Sample Corrected F-test:
         F(2.0000,13.9892)   =    2.0907
         Prob > F            =    0.1605

. test_sandwich legal beerpercap


Small Sample Corrected F-test:
         F(2.0000,21.5134)   =    7.3037
         Prob > F            =    0.0038

. test_sandwich legal winepercap


Small Sample Corrected F-test:
         F(2.0000,10.3448)   =    0.5925
         Prob > F            =    0.5707

. 
. test_sandwich beertaxa beerpercap


Small Sample Corrected F-test:
         F(2.0000,12.3049)   =    6.8438
         Prob > F            =    0.0100

. test_sandwich beertaxa winepercap


Small Sample Corrected F-test:
         F(2.0000,9.4438)    =    0.7821
         Prob > F            =    0.4849

. 
. test_sandwich beerpercap winepercap


Small Sample Corrected F-test:
         F(2.0000,12.6062)   =    7.5793
         Prob > F            =    0.0069

. 
. test_sandwich legal beertaxa beerpercap


Small Sample Corrected F-test:
         F(3.0000,14.8819)   =    4.9046
         Prob > F            =    0.0145

. test_sandwich legal beertaxa winepercap


Small Sample Corrected F-test:
         F(3.0000,10.6766)   =    1.3126
         Prob > F            =    0.3209

. test_sandwich legal beerpercap winepercap


Small Sample Corrected F-test:
         F(3.0000,13.0842)   =    4.7990
         Prob > F            =    0.0182

. test_sandwich beertaxa beerpercap winepercap


Small Sample Corrected F-test:
         F(3.0000,11.1233)   =    4.8158
         Prob > F            =    0.0220

. 
. test_sandwich legal beertaxa beerpercap winepercap


Small Sample Corrected F-test:
         F(4.0000,11.4326)   =    3.5846
         Prob > F            =    0.0401

. 
. * p-weighted
. * coef_test(wls_within, vcov = "CR2", cluster = MV_Mortality$state, inverse_var = FALSE, ignore_FE = TRUE)
. *xi, noomit: areg `specification' [pweight=pop], absorb(state) cluster(state)
. xi, noomit: reg_sandwich `specification' [pweight=pop], absorb(state) cluster(state)
note: _Iyear_1996 omitted because of collinearity


Robust standard error estimation using WLS (pweights), with absorb option
                                                      N Level 1     =     1361
                                                      N Level 2     =       51
                                                      Min Level 1 n =       11
                                                      Max Level 1 n =       27
                                                      Average       =    26.69
------------------------------------------------------------------------------
       mrate |      Coef.   Std. Err.  dfs       p-value   [95%Conf. Interval]
-------------+----------------------------------------------------------------
       legal |      2.213    2.08       8.90     0.3156    -2.5037   6.9303
    beertaxa |      4.833    4.82       8.80     0.3432    -6.1190   15.7850
  beerpercap |      24.158   6.34      11.17     0.0028    10.2234   38.0918
  winepercap | !    6.002   11.03       2.08     0.6390    -39.7995  51.8033
 _Iyear_1970 |      24.785   2.73       6.40     0.0001    18.2088   31.3619
 _Iyear_1971 |      22.285   2.12       7.54     0.0000    17.3430   27.2279
 _Iyear_1972 |      24.119   2.37       7.24     0.0000    18.5447   29.6936
 _Iyear_1973 |      23.164   2.11       7.29     0.0000    18.2097   28.1192
 _Iyear_1974 |      14.498   1.78       7.41     0.0001    10.3282   18.6673
 _Iyear_1975 |      12.237   1.61       7.71     0.0001    8.4899    15.9837
 _Iyear_1976 |      14.899   1.56       7.87     0.0000    11.2948   18.5034
 _Iyear_1977 |      17.149   2.36       6.95     0.0002    11.5564   22.7418
 _Iyear_1978 |      18.336   2.08       7.68     0.0000    13.4948   23.1772
 _Iyear_1979 |      17.830   2.20       8.64     0.0000    12.8175   22.8432
 _Iyear_1980 |      16.026   2.08       9.23     0.0000    11.3294   20.7219
 _Iyear_1981 |      10.974   1.89       9.57     0.0002    6.7276    15.2210
 _Iyear_1982 |      4.819    1.75       8.89     0.0227    0.8473    8.7910
 _Iyear_1983 |      4.712    1.70       9.29     0.0209    0.8924    8.5317
 _Iyear_1984 |      6.691    1.73       9.20     0.0037    2.7894    10.5926
 _Iyear_1985 |      5.754    1.53       9.30     0.0042    2.3156    9.1920
 _Iyear_1986 |      9.604    1.35       9.14     0.0001    6.5496    12.6589
 _Iyear_1987 |      7.896    1.32       8.19     0.0003    4.8601    10.9317
 _Iyear_1988 |      10.159   1.08       7.40     0.0000    7.6417    12.6768
 _Iyear_1989 |      5.331    1.03       6.77     0.0015    2.8705    7.7915
 _Iyear_1990 |      3.915    1.25       6.76     0.0175    0.9308    6.8996
 _Iyear_1991 |      3.251    1.39       6.61     0.0538    -0.0706   6.5736
 _Iyear_1992 |      -1.966   1.21       6.80     0.1496    -4.8461   0.9135
 _Iyear_1993 |      -0.563   1.28       6.35     0.6736    -3.6453   2.5186
 _Iyear_1994 |      0.981    1.59       6.29     0.5593    -2.8701   4.8319
 _Iyear_1995 |      0.102    1.48       6.42     0.9474    -3.4671   3.6704
------------------------------------------------------------------------------
! dof is less than 4, p-value untrustworthy
see Tipton, E. (in press) Small sample adjustments for robust variance
estimation with meta-regression. Forthcoming in Psychological Methods.

. test_sandwich legal beertaxa


Small Sample Corrected F-test:
         F(2.0000,8.5915)    =    2.0586
         Prob > F            =    0.1860

. test_sandwich legal beerpercap


Small Sample Corrected F-test:
         F(2.0000,8.8673)    =    6.7362
         Prob > F            =    0.0166

. test_sandwich legal winepercap


Small Sample Corrected F-test:
         F(2.0000,2.7829)    =    0.4527
         Prob > F            =    0.6757

. 
. test_sandwich beertaxa beerpercap


Small Sample Corrected F-test:
         F(2.0000,9.4903)    =    6.7515
         Prob > F            =    0.0150

. test_sandwich beertaxa winepercap


Small Sample Corrected F-test:
         F(2.0000,3.0941)    =    0.5883
         Prob > F            =    0.6074

. 
. test_sandwich beerpercap winepercap


Small Sample Corrected F-test:
         F(2.0000,3.2194)    =    5.8901
         Prob > F            =    0.0840

. 
. test_sandwich legal beertaxa beerpercap


Small Sample Corrected F-test:
         F(3.0000,8.2947)    =    4.4362
         Prob > F            =    0.0392

. test_sandwich legal beertaxa winepercap


Small Sample Corrected F-test:
         F(3.0000,3.2857)    =    0.9983
         Prob > F            =    0.4935

. test_sandwich legal beerpercap winepercap


Small Sample Corrected F-test:
         F(3.0000,3.3433)    =    3.2689
         Prob > F            =    0.1635

. test_sandwich beertaxa beerpercap winepercap


Small Sample Corrected F-test:
         F(3.0000,3.8688)    =    3.5452
         Prob > F            =    0.1304

. 
. test_sandwich legal beertaxa beerpercap winepercap


Small Sample Corrected F-test:
         F(4.0000,3.5047)    =    2.3343
         Prob > F            =    0.2336

. 
. ****************
. log close
      name:  <unnamed>
       log:  C:\Users\marcelot\Dropbox\Freelancer\Stata F-Test\GitHub Tasks 1 and 2\clubSandwich-Stata\reg_sandwich\wrapper_tests_log.txt
  log type:  text
 closed on:   9 Feb 2017, 12:42:29
---------------------------------------------------------------------------------------------------------------------------------------------------------
