-------------------------------------------------------------------------------------------------------------------------------------------------
      name:  <unnamed>
       log:  C:\Users\marcelot\Dropbox\Freelancer\Stata F-Test\GitHub Tasks 1 and 2\clubSandwich-Stata\reg_sandwich\wrapper_tests_log.txt
  log type:  text
 opened on:  15 Feb 2017, 17:38:42

. ***********************************************
. display "Tests if the wrapper reg_sandwich is calling the appropriate functions"
Tests if the wrapper reg_sandwich is calling the appropriate functions

. display "The goal of theses tests is to check if the coefficients, se and dfs are being properly calculated"
The goal of theses tests is to check if the coefficients, se and dfs are being properly calculated

. display "To match aweights with R, R pop needs to be divided by 100"
To match aweights with R, R pop needs to be divided by 100

. display "DateTime: $S_DATE $S_TIME"
DateTime: 15 Feb 2017 17:38:42

. 
. use "MortalityRates", replace

. 
. * filter: cause=="Motor Vehicle"
. label list cause
cause:
           1 All
           2 Motor Vehicle
           3 Suicide
           4 Internal

. keep if cause == 2
(4,131 observations deleted)

. 
. * model specification
. 
. local specification = "mrate legal beertaxa beerpercap winepercap i.year"

.   
. * unweighted
. * ols_pooled <- lm(specification, data = MV_Mortality)
. *coef_test(ols_pooled, vcov = "CR2", cluster = MV_Mortality$state)
. * xi, noomit: reg `specification', nocons cluster(state)
. xi, noomit: reg_sandwich `specification', nocons cluster(state)


Robust standard error estimation using OLS
                                                      N Level 1     =     1361
                                                      N Level 2     =       51
                                                      Min Level 1 n =       11
                                                      Max Level 1 n =       27
                                                      Average       =    26.69
------------------------------------------------------------------------------
       mrate |      Coef.   Std. Err.  dfs       p-value   [95%Conf. Interval]
-------------+----------------------------------------------------------------
       legal |      -4.004   4.65      36.01     0.3951    -13.4398  5.4309
    beertaxa |      5.433    7.42       7.98     0.4851    -11.6872  22.5525
  beerpercap |      38.663  11.59      19.89     0.0033    14.4697   62.8560
  winepercap |      -43.787 13.45      10.08     0.0085    -73.7119  -13.8614
 _Iyear_1970 |      32.458  10.82      34.82     0.0050    10.4874   54.4292
 _Iyear_1971 |      29.543  11.50      34.13     0.0147    6.1737    52.9114
 _Iyear_1972 |      33.044  10.80      34.17     0.0043    11.0973   54.9916
 _Iyear_1973 |      32.288  11.24      34.18     0.0070    9.4477    55.1291
 _Iyear_1974 |      22.629  11.75      33.81     0.0625    -1.2519   46.5102
 _Iyear_1975 |      19.925  11.80      33.31     0.1006    -4.0707   43.9206
 _Iyear_1976 |      24.485  12.22      33.12     0.0533    -0.3672   49.3378
 _Iyear_1977 |      24.293  12.75      33.33     0.0653    -1.6280   50.2149
 _Iyear_1978 |      23.739  12.84      32.73     0.0735    -2.3900   49.8678
 _Iyear_1979 |      23.038  13.11      32.12     0.0883    -3.6550   49.7313
 _Iyear_1980 |      22.679  13.11      32.05     0.0932    -4.0209   49.3796
 _Iyear_1981 |      17.426  13.27      31.42     0.1986    -9.6205   44.4729
 _Iyear_1982 |      11.485  13.21      31.41     0.3912    -15.4421  38.4116
 _Iyear_1983 |      9.362   13.80      31.87     0.5023    -18.7457  37.4699
 _Iyear_1984 |      13.106  13.17      31.99     0.3272    -13.7249  39.9374
 _Iyear_1985 |      11.095  13.37      32.07     0.4128    -16.1387  38.3291
 _Iyear_1986 |      14.747  13.06      31.40     0.2672    -11.8672  41.3621
 _Iyear_1987 |      11.399  13.24      31.27     0.3958    -15.5912  38.3888
 _Iyear_1988 |      12.727  13.87      31.42     0.3656    -15.5356  40.9901
 _Iyear_1989 |      6.061   13.82      31.90     0.6639    -22.0890  34.2110
 _Iyear_1990 |      4.733   13.70      31.34     0.7320    -23.1906  32.6574
 _Iyear_1991 |      2.320   13.71      32.01     0.8667    -25.6059  30.2462
 _Iyear_1992 |      -1.652  13.89      31.91     0.9061    -29.9576  26.6541
 _Iyear_1993 |      -2.198  13.81      32.24     0.8745    -30.3141  25.9179
 _Iyear_1994 |      1.434   13.09      32.25     0.9135    -25.2227  28.0902
 _Iyear_1995 |      0.203   12.71      32.48     0.9874    -25.6718  26.0776
 _Iyear_1996 |      0.357   13.00      32.36     0.9782    -26.1167  26.8313
------------------------------------------------------------------------------

. ** Ftests:
. test_sandwich legal beertaxa


Small Sample Corrected F-test:
         F(2.0000,15.3836)   =    0.4364
         Prob > F            =    0.6541

. test_sandwich legal beerpercap


Small Sample Corrected F-test:
         F(2.0000,26.3146)   =    5.4030
         Prob > F            =    0.0108

. test_sandwich legal winepercap


Small Sample Corrected F-test:
         F(2.0000,16.5037)   =    7.7413
         Prob > F            =    0.0043

. 
. test_sandwich beertaxa beerpercap


Small Sample Corrected F-test:
         F(2.0000,13.7157)   =    6.0991
         Prob > F            =    0.0127

. test_sandwich beertaxa winepercap


Small Sample Corrected F-test:
         F(2.0000,11.1429)   =    10.3628
         Prob > F            =    0.0029

. 
. test_sandwich beerpercap winepercap


Small Sample Corrected F-test:
         F(2.0000,13.5708)   =    7.1582
         Prob > F            =    0.0075

. 
. test_sandwich legal beertaxa beerpercap


Small Sample Corrected F-test:
         F(3.0000,18.6606)   =    3.9721
         Prob > F            =    0.0239

. test_sandwich legal beertaxa winepercap


Small Sample Corrected F-test:
         F(3.0000,15.3297)   =    7.6209
         Prob > F            =    0.0024

. test_sandwich legal beerpercap winepercap


Small Sample Corrected F-test:
         F(3.0000,17.2870)   =    5.4258
         Prob > F            =    0.0082

. test_sandwich beertaxa beerpercap winepercap


Small Sample Corrected F-test:
         F(3.0000,13.4985)   =    7.6013
         Prob > F            =    0.0032

. 
. test_sandwich legal beertaxa beerpercap winepercap


Small Sample Corrected F-test:
         F(4.0000,16.2570)   =    5.8029
         Prob > F            =    0.0043

. 
. 
. 
. 
. * a-weighted
. * wls_pooled <- lm(specification, weights = pop, data = MV_Mortality)
. * coef_test(wls_pooled, vcov = "CR2", cluster = MV_Mortality$state, inverse_var = TRUE)
. *xi, noomit: reg `specification' [aweight=pop], nocons cluster(state)
. xi, noomit: reg_sandwich `specification' [aweight=pop], nocons cluster(state)


Robust standard error estimation using WLS (aweights)
                                                      N Level 1     =     1361
                                                      N Level 2     =       51
                                                      Min Level 1 n =       11
                                                      Max Level 1 n =       27
                                                      Average       =    26.69
------------------------------------------------------------------------------
       mrate |      Coef.   Std. Err.  dfs       p-value   [95%Conf. Interval]
-------------+----------------------------------------------------------------
       legal |      -4.236   4.87      16.99     0.3967    -14.5148  6.0424
    beertaxa |      18.519   6.41       7.42     0.0219    3.5300    33.5072
  beerpercap |      21.066   6.77      11.34     0.0096    6.2189    35.9131
  winepercap |      -19.099 15.36       6.25     0.2583    -56.3237  18.1258
 _Iyear_1970 |      32.521   9.42      24.19     0.0021    13.0820   51.9592
 _Iyear_1971 |      31.172   9.52      24.51     0.0032    11.5371   50.8071
 _Iyear_1972 |      33.631   9.68      24.44     0.0019    13.6742   53.5880
 _Iyear_1973 |      34.222   9.15      24.20     0.0010    15.3456   53.0986
 _Iyear_1974 |      26.911   8.74      23.98     0.0051    8.8744    44.9467
 _Iyear_1975 |      25.503   8.87      23.87     0.0084    7.1917    43.8138
 _Iyear_1976 |      28.490   9.00      23.59     0.0042    9.9062    47.0731
 _Iyear_1977 |      30.288   8.89      23.14     0.0024    11.8957   48.6811
 _Iyear_1978 |      32.226   8.95      23.11     0.0015    13.7171   50.7357
 _Iyear_1979 |      32.083   9.21      23.06     0.0020    13.0341   51.1313
 _Iyear_1980 |      30.810   9.39      23.44     0.0032    11.4117   50.2079
 _Iyear_1981 |      26.118   9.59      23.90     0.0119    6.3220    45.9131
 _Iyear_1982 |      20.041   9.29      23.93     0.0412    0.8699    39.2122
 _Iyear_1983 |      19.604   9.56      23.96     0.0513    -0.1235   39.3312
 _Iyear_1984 |      21.435   9.56      24.37     0.0344    1.7131    41.1565
 _Iyear_1985 |      20.476   9.49      24.59     0.0409    0.9152    40.0363
 _Iyear_1986 |      23.631   9.98      24.42     0.0261    3.0546    44.2069
 _Iyear_1987 |      20.785  10.03      24.16     0.0491    0.0841    41.4850
 _Iyear_1988 |      22.348  10.42      23.89     0.0423    0.8428    43.8527
 _Iyear_1989 |      16.759  10.21      23.71     0.1140    -4.3300   37.8482
 _Iyear_1990 |      15.310  10.04      23.32     0.1409    -5.4514   36.0707
 _Iyear_1991 |      13.689   9.92      23.18     0.1807    -6.8221   34.1997
 _Iyear_1992 |      8.715    9.91      23.72     0.3879    -11.7460  29.1754
 _Iyear_1993 |      9.717    9.87      23.11     0.3352    -10.6994  30.1324
 _Iyear_1994 |      11.295   9.57      23.02     0.2499    -8.4995   31.0904
 _Iyear_1995 |      10.576   9.44      23.20     0.2739    -8.9385   30.0899
 _Iyear_1996 |      10.964   9.76      23.35     0.2727    -9.2102   31.1387
------------------------------------------------------------------------------

. test_sandwich legal beertaxa


Small Sample Corrected F-test:
         F(2.0000,11.7237)   =    3.8442
         Prob > F            =    0.0520

. test_sandwich legal beerpercap


Small Sample Corrected F-test:
         F(2.0000,14.8020)   =    5.2027
         Prob > F            =    0.0194

. test_sandwich legal winepercap


Small Sample Corrected F-test:
         F(2.0000,8.1155)    =    1.0899
         Prob > F            =    0.3808

. 
. test_sandwich beertaxa beerpercap


Small Sample Corrected F-test:
         F(2.0000,10.1456)   =    5.6213
         Prob > F            =    0.0227

. test_sandwich beertaxa winepercap


Small Sample Corrected F-test:
         F(2.0000,7.8652)    =    5.2444
         Prob > F            =    0.0357

. 
. test_sandwich beerpercap winepercap


Small Sample Corrected F-test:
         F(2.0000,9.5543)    =    4.4818
         Prob > F            =    0.0424

. 
. test_sandwich legal beertaxa beerpercap


Small Sample Corrected F-test:
         F(3.0000,12.7921)   =    4.0502
         Prob > F            =    0.0314

. test_sandwich legal beertaxa winepercap


Small Sample Corrected F-test:
         F(3.0000,8.3620)    =    3.1811
         Prob > F            =    0.0819

. test_sandwich legal beerpercap winepercap


Small Sample Corrected F-test:
         F(3.0000,10.1022)   =    3.0972
         Prob > F            =    0.0757

. test_sandwich beertaxa beerpercap winepercap


Small Sample Corrected F-test:
         F(3.0000,9.8617)    =    3.7970
         Prob > F            =    0.0478

. 
. test_sandwich legal beertaxa beerpercap winepercap


Small Sample Corrected F-test:
         F(4.0000,9.8115)    =    2.8265
         Prob > F            =    0.0844

. 
. 
. * p-weighted
. * coef_test(wls_pooled, vcov = "CR2", cluster = MV_Mortality$state, inverse_var = FALSE)
. *xi, noomit: reg `specification' [pweight=pop], nocons cluster(state)
. xi, noomit: reg_sandwich `specification' [pweight=pop], nocons cluster(state)


Robust standard error estimation using WLS (pweights)
                                                      N Level 1     =     1361
                                                      N Level 2     =       51
                                                      Min Level 1 n =       11
                                                      Max Level 1 n =       27
                                                      Average       =    26.69
------------------------------------------------------------------------------
       mrate |      Coef.   Std. Err.  dfs       p-value   [95%Conf. Interval]
-------------+----------------------------------------------------------------
       legal |      -4.236   5.40       6.38     0.4608    -17.2602  8.7878
    beertaxa |      18.519   6.43       7.03     0.0235    3.3304    33.7069
  beerpercap |      21.066   6.79       4.15     0.0343    2.4917    39.6403
  winepercap | !    -19.099 19.24       1.96     0.4272    -1.0e+02  65.1782
 _Iyear_1970 |      32.521   9.35       9.31     0.0066    11.4721   53.5691
 _Iyear_1971 |      31.172   9.47       9.62     0.0086    9.9591    52.3851
 _Iyear_1972 |      33.631   9.58       9.76     0.0058    12.2231   55.0391
 _Iyear_1973 |      34.222   9.00       9.77     0.0036    14.0993   54.3449
 _Iyear_1974 |      26.911   8.52       9.98     0.0102    7.9153    45.9059
 _Iyear_1975 |      25.503   8.64       9.90     0.0147    6.2146    44.7908
 _Iyear_1976 |      28.490   8.78       9.93     0.0089    8.9093    48.0700
 _Iyear_1977 |      30.288   8.68       9.60     0.0062    10.8489   49.7278
 _Iyear_1978 |      32.226   8.71       9.67     0.0043    12.7356   51.7172
 _Iyear_1979 |      32.083   8.99       9.56     0.0055    11.9299   52.2355
 _Iyear_1980 |      30.810   9.15       9.80     0.0073    10.3721   51.2475
 _Iyear_1981 |      26.118   9.38      10.02     0.0193    5.2202    47.0149
 _Iyear_1982 |      20.041   9.07       9.76     0.0522    -0.2346   40.3167
 _Iyear_1983 |      19.604   9.33       9.59     0.0632    -1.3120   40.5197
 _Iyear_1984 |      21.435   9.37       9.68     0.0460    0.4678    42.4018
 _Iyear_1985 |      20.476   9.31       9.55     0.0538    -0.4055   41.3570
 _Iyear_1986 |      23.631   9.87       9.23     0.0397    1.3783    45.8831
 _Iyear_1987 |      20.785   9.96       8.90     0.0668    -1.7765   43.3455
 _Iyear_1988 |      22.348  10.40       8.64     0.0615    -1.3380   46.0335
 _Iyear_1989 |      16.759  10.17       8.46     0.1360    -6.4799   39.9982
 _Iyear_1990 |      15.310   9.99       8.29     0.1627    -7.5936   38.2129
 _Iyear_1991 |      13.689   9.88       8.19     0.2024    -9.0015   36.3791
 _Iyear_1992 |      8.715    9.87       8.50     0.4015    -13.8143  31.2437
 _Iyear_1993 |      9.717    9.85       7.97     0.3529    -13.0128  32.4458
 _Iyear_1994 |      11.295   9.52       7.79     0.2703    -10.7584  33.3494
 _Iyear_1995 |      10.576   9.44       8.01     0.2952    -11.1983  32.3498
 _Iyear_1996 |      10.964   9.83       7.99     0.2972    -11.7142  33.6427
------------------------------------------------------------------------------
! dof is less than 4, p-value untrustworthy
see Tipton, E. (in press) Small sample adjustments for robust variance
estimation with meta-regression. Forthcoming in Psychological Methods.

. test_sandwich legal beertaxa


Small Sample Corrected F-test:
         F(2.0000,7.0821)    =    3.6627
         Prob > F            =    0.0809

. test_sandwich legal beerpercap


Small Sample Corrected F-test:
         F(2.0000,5.0472)    =    4.4635
         Prob > F            =    0.0765

. test_sandwich legal winepercap


Small Sample Corrected F-test:
         F(2.0000,2.3857)    =    0.7222
         Prob > F            =    0.5685

. 
. test_sandwich beertaxa beerpercap


Small Sample Corrected F-test:
         F(2.0000,5.7135)    =    5.1952
         Prob > F            =    0.0518

. test_sandwich beertaxa winepercap


Small Sample Corrected F-test:
         F(2.0000,3.1578)    =    4.0779
         Prob > F            =    0.1333

. 
. test_sandwich beerpercap winepercap


Small Sample Corrected F-test:
         F(2.0000,2.7345)    =    3.5276
         Prob > F            =    0.1749

. 
. test_sandwich legal beertaxa beerpercap


Small Sample Corrected F-test:
         F(3.0000,6.0324)    =    3.4533
         Prob > F            =    0.0913

. test_sandwich legal beertaxa winepercap


Small Sample Corrected F-test:
         F(3.0000,2.9958)    =    2.1465
         Prob > F            =    0.2735

. test_sandwich legal beerpercap winepercap


Small Sample Corrected F-test:
         F(3.0000,2.8295)    =    2.1532
         Prob > F            =    0.2805

. test_sandwich beertaxa beerpercap winepercap


Small Sample Corrected F-test:
         F(3.0000,3.5260)    =    2.7057
         Prob > F            =    0.1958

. 
. test_sandwich legal beertaxa beerpercap winepercap


Small Sample Corrected F-test:
         F(4.0000,3.1834)    =    1.7776
         Prob > F            =    0.3242

. 
. 
. ** with absorption: 
. disp "WARNING: areg has no 'noconstant' option, therefore the values for the dummies are in a different level"
WARNING: areg has no 'noconstant' option, therefore the values for the dummies are in a different level

. 
. * unweighted
. * ols_within <- plm(update(specification, . ~ . - 0), data = MV_Mortality, effect = "individual", index = c("state","year"))
. *xi: areg `specification', absorb(state) cluster(state)
. xi: reg_sandwich `specification', absorb(state) cluster(state)
i.year            _Iyear_1970-1996    (naturally coded; _Iyear_1970 omitted)


Robust standard error estimation using OLS, with absorb option
                                                      N Level 1     =     1361
                                                      N Level 2     =       51
                                                      Min Level 1 n =       11
                                                      Max Level 1 n =       27
                                                      Average       =    26.69
------------------------------------------------------------------------------
       mrate |      Coef.   Std. Err.  dfs       p-value   [95%Conf. Interval]
-------------+----------------------------------------------------------------
       legal |      0.167    2.40      40.76     0.9449    -4.6752   5.0084
    beertaxa |      -1.150   6.16       8.36     0.8564    -15.2578  12.9573
  beerpercap |      32.100  11.28      28.76     0.0081    9.0272    55.1737
  winepercap |      9.196   19.38      16.13     0.6415    -31.8601  50.2529
 _Iyear_1971 |      -5.114   2.39      48.88     0.0371    -9.9087   -0.3184
 _Iyear_1972 |      -1.740   1.83      48.86     0.3451    -5.4076   1.9280
 _Iyear_1973 |      -3.233   1.94      48.35     0.1025    -7.1374   0.6718
 _Iyear_1974 |      -13.262  2.83      47.54     0.0000    -18.9513  -7.5730
 _Iyear_1975 |      -16.796  2.99      47.09     0.0000    -22.8172  -10.7753
 _Iyear_1976 |      -12.649  2.89      46.80     0.0001    -18.4689  -6.8293
 _Iyear_1977 |      -11.438  3.13      47.13     0.0006    -17.7267  -5.1502
 _Iyear_1978 |      -12.759  3.45      46.56     0.0006    -19.7069  -5.8117
 _Iyear_1979 |      -13.844  4.00      46.18     0.0012    -21.8961  -5.7920
 _Iyear_1980 |      -14.871  3.67      46.26     0.0002    -22.2568  -7.4852
 _Iyear_1981 |      -20.604  4.04      46.06     0.0000    -28.7296  -12.4777
 _Iyear_1982 |      -26.880  4.28      46.11     0.0000    -35.4985  -18.2609
 _Iyear_1983 |      -28.919  4.60      46.36     0.0000    -38.1689  -19.6699
 _Iyear_1984 |      -25.577  4.49      46.59     0.0000    -34.6108  -16.5439
 _Iyear_1985 |      -27.994  4.89      46.24     0.0000    -37.8427  -18.1449
 _Iyear_1986 |      -23.928  4.38      46.70     0.0000    -32.7471  -15.1081
 _Iyear_1987 |      -26.212  4.68      47.18     0.0000    -35.6313  -16.7919
 _Iyear_1988 |      -23.774  4.57      47.24     0.0000    -32.9672  -14.5804
 _Iyear_1989 |      -29.079  4.41      47.70     0.0000    -37.9376  -20.2208
 _Iyear_1990 |      -29.778  4.12      47.42     0.0000    -38.0617  -21.4933
 _Iyear_1991 |      -31.210  4.27      47.54     0.0000    -39.7930  -22.6278
 _Iyear_1992 |      -35.356  4.41      47.48     0.0000    -44.2340  -26.4781
 _Iyear_1993 |      -35.254  4.51      47.60     0.0000    -44.3175  -26.1910
 _Iyear_1994 |      -31.649  3.94      47.47     0.0000    -39.5800  -23.7173
 _Iyear_1995 |      -33.356  4.03      47.38     0.0000    -41.4558  -25.2567
 _Iyear_1996 |      -33.870  4.07      47.01     0.0000    -42.0648  -25.6760
------------------------------------------------------------------------------

. test_sandwich legal beertaxa


Small Sample Corrected F-test:
         F(2.0000,16.2943)   =    0.0166
         Prob > F            =    0.9835

. test_sandwich legal beerpercap


Small Sample Corrected F-test:
         F(2.0000,35.2447)   =    4.0817
         Prob > F            =    0.0254

. test_sandwich legal winepercap


Small Sample Corrected F-test:
         F(2.0000,25.3749)   =    0.1089
         Prob > F            =    0.8972

. 
. test_sandwich beertaxa beerpercap


Small Sample Corrected F-test:
         F(2.0000,13.2822)   =    6.1705
         Prob > F            =    0.0127

. test_sandwich beertaxa winepercap


Small Sample Corrected F-test:
         F(2.0000,13.8827)   =    0.1195
         Prob > F            =    0.8883

. 
. test_sandwich beerpercap winepercap


Small Sample Corrected F-test:
         F(2.0000,23.4896)   =    6.1333
         Prob > F            =    0.0072

. 
. test_sandwich legal beertaxa beerpercap


Small Sample Corrected F-test:
         F(3.0000,18.6434)   =    3.9962
         Prob > F            =    0.0234

. test_sandwich legal beertaxa winepercap


Small Sample Corrected F-test:
         F(3.0000,19.2166)   =    0.0774
         Prob > F            =    0.9715

. test_sandwich legal beerpercap winepercap


Small Sample Corrected F-test:
         F(3.0000,28.3958)   =    3.9940
         Prob > F            =    0.0172

. test_sandwich beertaxa beerpercap winepercap


Small Sample Corrected F-test:
         F(3.0000,17.0404)   =    4.3295
         Prob > F            =    0.0193

. 
. test_sandwich legal beertaxa beerpercap winepercap


Small Sample Corrected F-test:
         F(4.0000,20.6148)   =    3.1673
         Prob > F            =    0.0353

. 
. * a-weighted
. * wls_within <- lm(update(specification, . ~ . + factor(state)), weights = pop, data = MV_Mortality)
. * coef_test(wls_within, vcov = "CR2", cluster = MV_Mortality$state, inverse_var = TRUE)
. *xi, noomit: areg `specification' [aweight=pop], absorb(state) cluster(state)
. xi, noomit: reg_sandwich `specification' [aweight=pop], absorb(state) cluster(state)
note: _Iyear_1996 omitted because of collinearity


Robust standard error estimation using WLS (aweights), with absorb option
                                                      N Level 1     =     1361
                                                      N Level 2     =       51
                                                      Min Level 1 n =       11
                                                      Max Level 1 n =       27
                                                      Average       =    26.69
------------------------------------------------------------------------------
       mrate |      Coef.   Std. Err.  dfs       p-value   [95%Conf. Interval]
-------------+----------------------------------------------------------------
       legal |      2.213    2.03      23.12     0.2860    -1.9775   6.4041
    beertaxa |      4.833    4.83       8.65     0.3442    -6.1614   15.8275
  beerpercap |      24.158   6.37      24.23     0.0009    11.0173   37.2980
  winepercap |      6.002    9.66       7.52     0.5526    -16.5113  28.5151
 _Iyear_1970 |      24.785   2.63      21.41     0.0000    19.3232   30.2475
 _Iyear_1971 |      22.285   2.08      23.93     0.0000    17.9903   26.5806
 _Iyear_1972 |      24.119   2.32      23.46     0.0000    19.3300   28.9083
 _Iyear_1973 |      23.164   2.08      23.78     0.0000    18.8762   27.4526
 _Iyear_1974 |      14.498   1.78      24.19     0.0000    10.8332   18.1624
 _Iyear_1975 |      12.237   1.59      24.59     0.0000    8.9563    15.5173
 _Iyear_1976 |      14.899   1.55      24.71     0.0000    11.7115   18.0867
 _Iyear_1977 |      17.149   2.25      22.80     0.0000    12.4900   21.8082
 _Iyear_1978 |      18.336   2.00      24.00     0.0000    14.2007   22.4713
 _Iyear_1979 |      17.830   2.15      25.22     0.0000    13.4111   22.2496
 _Iyear_1980 |      16.026   2.04      25.98     0.0000    11.8301   20.2213
 _Iyear_1981 |      10.974   1.88      26.27     0.0000    7.1115    14.8370
 _Iyear_1982 |      4.819    1.73      25.88     0.0097    1.2703    8.3681
 _Iyear_1983 |      4.712    1.67      26.14     0.0089    1.2885    8.1356
 _Iyear_1984 |      6.691    1.71      26.51     0.0006    3.1853    10.1967
 _Iyear_1985 |      5.754    1.52      26.71     0.0008    2.6299    8.8777
 _Iyear_1986 |      9.604    1.34      26.67     0.0000    6.8561    12.3525
 _Iyear_1987 |      7.896    1.33      25.78     0.0000    5.1600    10.6318
 _Iyear_1988 |      10.159   1.09      24.86     0.0000    7.9089    12.4096
 _Iyear_1989 |      5.331    1.04      23.96     0.0000    3.1745    7.4875
 _Iyear_1990 |      3.915    1.25      24.13     0.0044    1.3450    6.4853
 _Iyear_1991 |      3.251    1.36      23.34     0.0251    0.4444    6.0586
 _Iyear_1992 |      -1.966   1.19      23.74     0.1103    -4.4138   0.4812
 _Iyear_1993 |      -0.563   1.25      22.84     0.6577    -3.1604   2.0337
 _Iyear_1994 |      0.981    1.54      22.64     0.5316    -2.2156   4.1775
 _Iyear_1995 |      0.102    1.46      22.88     0.9449    -2.9093   3.1125
------------------------------------------------------------------------------

. test_sandwich legal beertaxa


Small Sample Corrected F-test:
         F(2.0000,13.9868)   =    2.0819
         Prob > F            =    0.1616

. test_sandwich legal beerpercap


Small Sample Corrected F-test:
         F(2.0000,21.5098)   =    7.2478
         Prob > F            =    0.0039

. test_sandwich legal winepercap


Small Sample Corrected F-test:
         F(2.0000,10.3283)   =    0.5878
         Prob > F            =    0.5731

. 
. test_sandwich beertaxa beerpercap


Small Sample Corrected F-test:
         F(2.0000,12.2974)   =    6.7885
         Prob > F            =    0.0103

. test_sandwich beertaxa winepercap


Small Sample Corrected F-test:
         F(2.0000,9.4309)    =    0.7795
         Prob > F            =    0.4861

. 
. test_sandwich beerpercap winepercap


Small Sample Corrected F-test:
         F(2.0000,12.5833)   =    7.5247
         Prob > F            =    0.0071

. 
. test_sandwich legal beertaxa beerpercap


Small Sample Corrected F-test:
         F(3.0000,14.8747)   =    4.8664
         Prob > F            =    0.0149

. test_sandwich legal beertaxa winepercap


Small Sample Corrected F-test:
         F(3.0000,10.6606)   =    1.3067
         Prob > F            =    0.3227

. test_sandwich legal beerpercap winepercap


Small Sample Corrected F-test:
         F(3.0000,13.0630)   =    4.7636
         Prob > F            =    0.0186

. test_sandwich beertaxa beerpercap winepercap


Small Sample Corrected F-test:
         F(3.0000,11.1061)   =    4.7804
         Prob > F            =    0.0225

. 
. test_sandwich legal beertaxa beerpercap winepercap


Small Sample Corrected F-test:
         F(4.0000,11.4129)   =    3.5574
         Prob > F            =    0.0411

. 
. * p-weighted
. * coef_test(wls_within, vcov = "CR2", cluster = MV_Mortality$state, inverse_var = FALSE, ignore_FE = TRUE)
. *xi, noomit: areg `specification' [pweight=pop], absorb(state) cluster(state)
. xi, noomit: reg_sandwich `specification' [pweight=pop], absorb(state) cluster(state)
note: _Iyear_1996 omitted because of collinearity


Robust standard error estimation using WLS (pweights), with absorb option
                                                      N Level 1     =     1361
                                                      N Level 2     =       51
                                                      Min Level 1 n =       11
                                                      Max Level 1 n =       27
                                                      Average       =    26.69
------------------------------------------------------------------------------
       mrate |      Coef.   Std. Err.  dfs       p-value   [95%Conf. Interval]
-------------+----------------------------------------------------------------
       legal |      2.213    2.09       8.90     0.3171    -2.5188   6.9455
    beertaxa |      4.833    4.83       8.78     0.3440    -6.1416   15.8076
  beerpercap |      24.158   6.37      11.16     0.0029    10.1667   38.1486
  winepercap | !    6.002   11.08       2.07     0.6406    -40.1424  52.1462
 _Iyear_1970 |      24.785   2.73       6.39     0.0001    18.1907   31.3800
 _Iyear_1971 |      22.285   2.13       7.53     0.0000    17.3261   27.2448
 _Iyear_1972 |      24.119   2.38       7.22     0.0000    18.5287   29.7096
 _Iyear_1973 |      23.164   2.12       7.27     0.0000    18.1943   28.1346
 _Iyear_1974 |      14.498   1.79       7.39     0.0001    10.3137   18.6818
 _Iyear_1975 |      12.237   1.62       7.68     0.0001    8.4747    15.9989
 _Iyear_1976 |      14.899   1.56       7.84     0.0000    11.2809   18.5173
 _Iyear_1977 |      17.149   2.37       6.92     0.0002    11.5384   22.7599
 _Iyear_1978 |      18.336   2.09       7.65     0.0000    13.4802   23.1918
 _Iyear_1979 |      17.830   2.21       8.61     0.0000    12.8023   22.8583
 _Iyear_1980 |      16.026   2.09       9.21     0.0000    11.3176   20.7338
 _Iyear_1981 |      10.974   1.90       9.54     0.0002    6.7158    15.2328
 _Iyear_1982 |      4.819    1.76       8.87     0.0230    0.8391    8.7992
 _Iyear_1983 |      4.712    1.70       9.28     0.0211    0.8839    8.5402
 _Iyear_1984 |      6.691    1.73       9.19     0.0037    2.7816    10.6004
 _Iyear_1985 |      5.754    1.53       9.29     0.0042    2.3112    9.1964
 _Iyear_1986 |      9.604    1.36       9.13     0.0001    6.5448    12.6637
 _Iyear_1987 |      7.896    1.32       8.19     0.0003    4.8586    10.9332
 _Iyear_1988 |      10.159   1.08       7.40     0.0000    7.6392    12.6793
 _Iyear_1989 |      5.331    1.03       6.77     0.0015    2.8684    7.7936
 _Iyear_1990 |      3.915    1.25       6.75     0.0176    0.9288    6.9015
 _Iyear_1991 |      3.251    1.39       6.61     0.0539    -0.0730   6.5760
 _Iyear_1992 |      -1.966   1.21       6.80     0.1498    -4.8477   0.9151
 _Iyear_1993 |      -0.563   1.28       6.35     0.6738    -3.6476   2.5209
 _Iyear_1994 |      0.981    1.59       6.29     0.5596    -2.8729   4.8347
 _Iyear_1995 |      0.102    1.48       6.42     0.9474    -3.4687   3.6719
------------------------------------------------------------------------------
! dof is less than 4, p-value untrustworthy
see Tipton, E. (in press) Small sample adjustments for robust variance
estimation with meta-regression. Forthcoming in Psychological Methods.

. test_sandwich legal beertaxa


Small Sample Corrected F-test:
         F(2.0000,8.5737)    =    2.0484
         Prob > F            =    0.1874

. test_sandwich legal beerpercap


Small Sample Corrected F-test:
         F(2.0000,8.8510)    =    6.6843
         Prob > F            =    0.0170

. test_sandwich legal winepercap


Small Sample Corrected F-test:
         F(2.0000,2.7719)    =    0.4492
         Prob > F            =    0.6777

. 
. test_sandwich beertaxa beerpercap


Small Sample Corrected F-test:
         F(2.0000,9.4881)    =    6.6964
         Prob > F            =    0.0154

. test_sandwich beertaxa winepercap


Small Sample Corrected F-test:
         F(2.0000,3.0816)    =    0.5853
         Prob > F            =    0.6089

. 
. test_sandwich beerpercap winepercap


Small Sample Corrected F-test:
         F(2.0000,3.2032)    =    5.8394
         Prob > F            =    0.0854

. 
. test_sandwich legal beertaxa beerpercap


Small Sample Corrected F-test:
         F(3.0000,8.2843)    =    4.4004
         Prob > F            =    0.0400

. test_sandwich legal beertaxa winepercap


Small Sample Corrected F-test:
         F(3.0000,3.2713)    =    0.9920
         Prob > F            =    0.4959

. test_sandwich legal beerpercap winepercap


Small Sample Corrected F-test:
         F(3.0000,3.3255)    =    3.2387
         Prob > F            =    0.1660

. test_sandwich beertaxa beerpercap winepercap


Small Sample Corrected F-test:
         F(3.0000,3.8518)    =    3.5125
         Prob > F            =    0.1325

. 
. test_sandwich legal beertaxa beerpercap winepercap


Small Sample Corrected F-test:
         F(4.0000,3.4876)    =    2.3116
         Prob > F            =    0.2369

. 
. ****************
. log close
      name:  <unnamed>
       log:  C:\Users\marcelot\Dropbox\Freelancer\Stata F-Test\GitHub Tasks 1 and 2\clubSandwich-Stata\reg_sandwich\wrapper_tests_log.txt
  log type:  text
 closed on:  15 Feb 2017, 17:58:27
-------------------------------------------------------------------------------------------------------------------------------------------------
