-------------------------------------------------------------------------------------------------------------------------------------------------
      name:  <unnamed>
       log:  C:\Users\marcelot\Dropbox\Freelancer\Stata F-Test\GitHub Tasks 1 and 2\clubSandwich-Stata\reg_sandwich\wrapper_tests_log.txt
  log type:  text
 opened on:  31 Jan 2017, 19:48:56

. ***********************************************
. display "Tests if the wrapper reg_sandwich is calling the appropriate functions"
Tests if the wrapper reg_sandwich is calling the appropriate functions

. display "WARNING: VCOV=CR2 is not FULLY implemented yet, so the st errors will be of"
WARNING: VCOV=CR2 is not FULLY implemented yet, so the st errors will be of

. display "The goal of theses tests is to check if the coefficients are being properly calculated, and for OLS, and p-weights if it matches"
The goal of theses tests is to check if the coefficients are being properly calculated, and for OLS, and p-weights if it matches

. display "DateTime: $S_DATE $S_TIME"
DateTime: 31 Jan 2017 19:48:56

. 
. use "MortalityRates", replace

. 
. * filter: cause=="Motor Vehicle"
. label list cause
cause:
           1 All
           2 Motor Vehicle
           3 Suicide
           4 Internal

. keep if cause == 2
(4,131 observations deleted)

. 
. * model specification
. 
. local specification = "mrate legal beertaxa beerpercap winepercap i.year"

.   
. * unweighted
. * ols_pooled <- lm(specification, data = MV_Mortality)
. *coef_test(ols_pooled, vcov = "CR2", cluster = MV_Mortality$state)
. * xi, noomit: reg `specification', nocons cluster(state)
. xi, noomit: reg_sandwich `specification', nocons cluster(state)


Robust standard error estimation using OLS
                                                      N Level 1     =     1361
                                                      N Level 2     =       51
                                                      Min Level 1 n =       11
                                                      Max Level 1 n =       27
                                                      Average       =    26.69
------------------------------------------------------------------------------
       mrate |      Coef.   Std. Err.  dfs       p-value   [95%Conf. Interval]
-------------+----------------------------------------------------------------
       legal |      -4.004   4.65      36.01     0.3951    -13.4398  5.4309
    beertaxa |      5.433    7.42       7.98     0.4851    -11.6872  22.5525
  beerpercap |      38.663  11.59      19.89     0.0033    14.4697   62.8560
  winepercap |      -43.787 13.45      10.08     0.0085    -73.7119  -13.8614
 _Iyear_1970 |      32.458  10.82      34.82     0.0050    10.4874   54.4292
 _Iyear_1971 |      29.543  11.50      34.13     0.0147    6.1737    52.9114
 _Iyear_1972 |      33.044  10.80      34.17     0.0043    11.0973   54.9916
 _Iyear_1973 |      32.288  11.24      34.18     0.0070    9.4477    55.1291
 _Iyear_1974 |      22.629  11.75      33.81     0.0625    -1.2519   46.5102
 _Iyear_1975 |      19.925  11.80      33.31     0.1006    -4.0707   43.9206
 _Iyear_1976 |      24.485  12.22      33.12     0.0533    -0.3672   49.3378
 _Iyear_1977 |      24.293  12.75      33.33     0.0653    -1.6280   50.2149
 _Iyear_1978 |      23.739  12.84      32.73     0.0735    -2.3900   49.8678
 _Iyear_1979 |      23.038  13.11      32.12     0.0883    -3.6550   49.7313
 _Iyear_1980 |      22.679  13.11      32.05     0.0932    -4.0209   49.3796
 _Iyear_1981 |      17.426  13.27      31.42     0.1986    -9.6205   44.4729
 _Iyear_1982 |      11.485  13.21      31.41     0.3912    -15.4421  38.4116
 _Iyear_1983 |      9.362   13.80      31.87     0.5023    -18.7457  37.4699
 _Iyear_1984 |      13.106  13.17      31.99     0.3272    -13.7249  39.9374
 _Iyear_1985 |      11.095  13.37      32.07     0.4128    -16.1387  38.3291
 _Iyear_1986 |      14.747  13.06      31.40     0.2672    -11.8672  41.3621
 _Iyear_1987 |      11.399  13.24      31.27     0.3958    -15.5912  38.3888
 _Iyear_1988 |      12.727  13.87      31.42     0.3656    -15.5356  40.9901
 _Iyear_1989 |      6.061   13.82      31.90     0.6639    -22.0890  34.2110
 _Iyear_1990 |      4.733   13.70      31.34     0.7320    -23.1906  32.6574
 _Iyear_1991 |      2.320   13.71      32.01     0.8667    -25.6059  30.2462
 _Iyear_1992 |      -1.652  13.89      31.91     0.9061    -29.9576  26.6541
 _Iyear_1993 |      -2.198  13.81      32.24     0.8745    -30.3141  25.9179
 _Iyear_1994 |      1.434   13.09      32.25     0.9135    -25.2227  28.0902
 _Iyear_1995 |      0.203   12.71      32.48     0.9874    -25.6718  26.0776
 _Iyear_1996 |      0.357   13.00      32.36     0.9782    -26.1167  26.8313
------------------------------------------------------------------------------

. 
. * a-weighted
. * wls_pooled <- lm(specification, weights = pop, data = MV_Mortality)
. * coef_test(wls_pooled, vcov = "CR2", cluster = MV_Mortality$state, inverse_var = TRUE)
. *xi, noomit: reg `specification' [aweight=pop], nocons cluster(state)
. xi, noomit: reg_sandwich `specification' [aweight=pop], nocons cluster(state)


Robust standard error estimation using WLS (aweights)
                                                      N Level 1     =     1361
                                                      N Level 2     =       51
                                                      Min Level 1 n =       11
                                                      Max Level 1 n =       27
                                                      Average       =    26.69
------------------------------------------------------------------------------
       mrate |      Coef.   Std. Err.  dfs       p-value   [95%Conf. Interval]
-------------+----------------------------------------------------------------
       legal |      -4.236   5.37      17.21     0.4408    -15.5510  7.0786
    beertaxa |      18.519   9.00      10.83     0.0646    -1.3344   38.3717
  beerpercap |      21.066  14.12       9.95     0.1666    -10.4070  52.5390
  winepercap | !    -19.099 17.54       3.71     0.3417    -69.3144  31.1165
 _Iyear_1970 |      32.521  12.47      16.75     0.0185    6.1812    58.8600
 _Iyear_1971 |      31.172  13.33      16.20     0.0325    2.9382    59.4060
 _Iyear_1972 |      33.631  12.46      16.46     0.0155    7.2803    59.9819
 _Iyear_1973 |      34.222  12.78      17.09     0.0158    7.2684    61.1758
 _Iyear_1974 |      26.911  13.19      17.37     0.0568    -0.8719   54.6930
 _Iyear_1975 |      25.503  13.53      17.15     0.0764    -3.0158   54.0213
 _Iyear_1976 |      28.490  13.81      17.11     0.0547    -0.6378   57.6171
 _Iyear_1977 |      30.288  14.29      17.13     0.0490    0.1551    60.4216
 _Iyear_1978 |      32.226  14.85      16.92     0.0445    0.8918    63.5610
 _Iyear_1979 |      32.083  15.04      16.34     0.0485    0.2422    63.9233
 _Iyear_1980 |      30.810  15.08      15.93     0.0579    -1.1658   62.7853
 _Iyear_1981 |      26.118  15.33      15.32     0.1087    -6.5020   58.7371
 _Iyear_1982 |      20.041  15.35      15.24     0.2109    -12.6217  52.7038
 _Iyear_1983 |      19.604  16.21      15.36     0.2447    -14.8710  54.0787
 _Iyear_1984 |      21.435  15.48      15.33     0.1860    -11.5020  54.3716
 _Iyear_1985 |      20.476  15.98      15.12     0.2194    -13.5659  54.5174
 _Iyear_1986 |      23.631  15.81      14.54     0.1565    -10.1706  57.4320
 _Iyear_1987 |      20.785  16.27      14.19     0.2219    -14.0626  55.6317
 _Iyear_1988 |      22.348  16.86      14.16     0.2059    -13.7670  58.4625
 _Iyear_1989 |      16.759  16.88      14.40     0.3371    -19.3413  52.8596
 _Iyear_1990 |      15.310  16.74      14.17     0.3758    -20.5603  51.1796
 _Iyear_1991 |      13.689  16.72      14.48     0.4263    -22.0666  49.4442
 _Iyear_1992 |      8.715   16.94      14.42     0.6147    -27.5202  44.9496
 _Iyear_1993 |      9.717   16.76      14.61     0.5709    -26.0833  45.5164
 _Iyear_1994 |      11.295  16.04      14.61     0.4923    -22.9631  45.5540
 _Iyear_1995 |      10.576  15.66      14.71     0.5099    -22.8523  44.0038
 _Iyear_1996 |      10.964  15.97      14.59     0.5030    -23.1488  45.0773
------------------------------------------------------------------------------
! dof is less than 4, p-value untrustworthy
see Tipton, E. (in press) Small sample adjustments for robust variance
estimation with meta-regression. Forthcoming in Psychological Methods.

. 
. * p-weighted
. * coef_test(wls_pooled, vcov = "CR2", cluster = MV_Mortality$state, inverse_var = FALSE)
. *xi, noomit: reg `specification' [pweight=pop], nocons cluster(state)
. xi, noomit: reg_sandwich `specification' [pweight=pop], nocons cluster(state)


Robust standard error estimation using WLS (pweights)
                                                      N Level 1     =     1361
                                                      N Level 2     =       51
                                                      Min Level 1 n =       11
                                                      Max Level 1 n =       27
                                                      Average       =    26.69
------------------------------------------------------------------------------
       mrate |      Coef.   Std. Err.  dfs       p-value   [95%Conf. Interval]
-------------+----------------------------------------------------------------
       legal |      -4.236   5.40       6.38     0.4608    -17.2602  8.7878
    beertaxa |      18.519   6.43       7.03     0.0235    3.3304    33.7069
  beerpercap |      21.066   6.79       4.15     0.0343    2.4917    39.6403
  winepercap | !    -19.099 19.24       1.96     0.4272    -1.0e+02  65.1782
 _Iyear_1970 |      32.521   9.35       9.31     0.0066    11.4721   53.5691
 _Iyear_1971 |      31.172   9.47       9.62     0.0086    9.9591    52.3851
 _Iyear_1972 |      33.631   9.58       9.76     0.0058    12.2231   55.0391
 _Iyear_1973 |      34.222   9.00       9.77     0.0036    14.0993   54.3449
 _Iyear_1974 |      26.911   8.52       9.98     0.0102    7.9153    45.9059
 _Iyear_1975 |      25.503   8.64       9.90     0.0147    6.2146    44.7908
 _Iyear_1976 |      28.490   8.78       9.93     0.0089    8.9093    48.0700
 _Iyear_1977 |      30.288   8.68       9.60     0.0062    10.8489   49.7278
 _Iyear_1978 |      32.226   8.71       9.67     0.0043    12.7356   51.7172
 _Iyear_1979 |      32.083   8.99       9.56     0.0055    11.9299   52.2355
 _Iyear_1980 |      30.810   9.15       9.80     0.0073    10.3721   51.2475
 _Iyear_1981 |      26.118   9.38      10.02     0.0193    5.2202    47.0149
 _Iyear_1982 |      20.041   9.07       9.76     0.0522    -0.2346   40.3167
 _Iyear_1983 |      19.604   9.33       9.59     0.0632    -1.3120   40.5197
 _Iyear_1984 |      21.435   9.37       9.68     0.0460    0.4678    42.4018
 _Iyear_1985 |      20.476   9.31       9.55     0.0538    -0.4055   41.3570
 _Iyear_1986 |      23.631   9.87       9.23     0.0397    1.3783    45.8831
 _Iyear_1987 |      20.785   9.96       8.90     0.0668    -1.7765   43.3455
 _Iyear_1988 |      22.348  10.40       8.64     0.0615    -1.3380   46.0335
 _Iyear_1989 |      16.759  10.17       8.46     0.1360    -6.4799   39.9982
 _Iyear_1990 |      15.310   9.99       8.29     0.1627    -7.5936   38.2129
 _Iyear_1991 |      13.689   9.88       8.19     0.2024    -9.0015   36.3791
 _Iyear_1992 |      8.715    9.87       8.50     0.4015    -13.8143  31.2437
 _Iyear_1993 |      9.717    9.85       7.97     0.3529    -13.0128  32.4458
 _Iyear_1994 |      11.295   9.52       7.79     0.2703    -10.7584  33.3494
 _Iyear_1995 |      10.576   9.44       8.01     0.2952    -11.1983  32.3498
 _Iyear_1996 |      10.964   9.83       7.99     0.2972    -11.7142  33.6427
------------------------------------------------------------------------------
! dof is less than 4, p-value untrustworthy
see Tipton, E. (in press) Small sample adjustments for robust variance
estimation with meta-regression. Forthcoming in Psychological Methods.

. 
. ** with absorption: 
. disp "WARNING: areg has no 'noconstant' option, therefore the values for the dummies are in a different level"
WARNING: areg has no 'noconstant' option, therefore the values for the dummies are in a different level

. 
. * unweighted
. * ols_within <- plm(update(specification, . ~ . - 0), data = MV_Mortality, effect = "individual", index = c("state","year"))
. *xi: areg `specification', absorb(state) cluster(state)
. xi: reg_sandwich `specification', absorb(state) cluster(state)
i.year            _Iyear_1970-1996    (naturally coded; _Iyear_1970 omitted)


Robust standard error estimation using OLS, with absorb option
                                                      N Level 1     =     1361
                                                      N Level 2     =       51
                                                      Min Level 1 n =       11
                                                      Max Level 1 n =       27
                                                      Average       =    26.69
------------------------------------------------------------------------------
       mrate |      Coef.   Std. Err.  dfs       p-value   [95%Conf. Interval]
-------------+----------------------------------------------------------------
       legal |      0.167    1.25      36.01     0.8950    -2.3749   2.7081
    beertaxa |      -1.150   1.04       7.98     0.3002    -3.5454   1.2449
  beerpercap |      32.100   1.45      19.89     0.0000    29.0651   35.1358
  winepercap |      9.196    1.56      10.08     0.0001    5.7308    12.6621
 _Iyear_1971 |      -5.114   2.17      49.00     0.0225    -9.4754   -0.7516
 _Iyear_1972 |      -1.740   1.68      48.99     0.3051    -5.1135   1.6339
 _Iyear_1973 |      -3.233   1.54      48.87     0.0404    -6.3182   -0.1474
 _Iyear_1974 |      -13.262  2.42      48.68     0.0000    -18.1202  -8.4042
 _Iyear_1975 |      -16.796  2.24      48.61     0.0000    -21.3076  -12.2849
 _Iyear_1976 |      -12.649  2.12      48.59     0.0000    -16.9183  -8.3798
 _Iyear_1977 |      -11.438  2.09      48.58     0.0000    -15.6449  -7.2320
 _Iyear_1978 |      -12.759  2.34      48.56     0.0000    -17.4618  -8.0568
 _Iyear_1979 |      -13.844  2.61      48.65     0.0000    -19.0905  -8.5976
 _Iyear_1980 |      -14.871  2.27      48.72     0.0000    -19.4355  -10.3065
 _Iyear_1981 |      -20.604  2.47      48.73     0.0000    -25.5679  -15.6393
 _Iyear_1982 |      -26.880  2.76      48.75     0.0000    -32.4232  -21.3362
 _Iyear_1983 |      -28.919  2.54      48.78     0.0000    -34.0333  -23.8056
 _Iyear_1984 |      -25.577  2.57      48.86     0.0000    -30.7434  -20.4112
 _Iyear_1985 |      -27.994  2.75      48.90     0.0000    -33.5303  -22.4574
 _Iyear_1986 |      -23.928  2.38      49.69     0.0000    -28.7159  -19.1393
 _Iyear_1987 |      -26.212  2.68      49.72     0.0000    -31.6008  -20.8224
 _Iyear_1988 |      -23.774  2.86      49.69     0.0000    -29.5121  -18.0356
 _Iyear_1989 |      -29.079  2.78      49.69     0.0000    -34.6622  -23.4962
 _Iyear_1990 |      -29.778  2.51      49.64     0.0000    -34.8122  -24.7429
 _Iyear_1991 |      -31.210  2.98      49.67     0.0000    -37.2052  -25.2156
 _Iyear_1992 |      -35.356  3.10      49.67     0.0000    -41.5786  -29.1336
 _Iyear_1993 |      -35.254  3.39      49.68     0.0000    -42.0660  -28.4425
 _Iyear_1994 |      -31.649  2.93      49.69     0.0000    -37.5415  -25.7558
 _Iyear_1995 |      -33.356  2.92      49.70     0.0000    -39.2295  -27.4831
 _Iyear_1996 |      -33.870  2.80      49.70     0.0000    -39.5000  -28.2407
       _cons |      28.597   2.45      34.82     0.0000    23.6261   33.5671
------------------------------------------------------------------------------

. 
. * a-weighted
. * wls_within <- lm(update(specification, . ~ . + factor(state)), weights = pop, data = MV_Mortality)
. * coef_test(wls_within, vcov = "CR2", cluster = MV_Mortality$state, inverse_var = TRUE)
. *xi, noomit: areg `specification' [aweight=pop], absorb(state) cluster(state)
. xi, noomit: reg_sandwich `specification' [aweight=pop], absorb(state) cluster(state)
note: _Iyear_1996 omitted because of collinearity


Robust standard error estimation using WLS (aweights), with absorb option
                                                      N Level 1     =     1361
                                                      N Level 2     =       51
                                                      Min Level 1 n =       11
                                                      Max Level 1 n =       27
                                                      Average       =    26.69
------------------------------------------------------------------------------
       mrate |      Coef.   Std. Err.  dfs       p-value   [95%Conf. Interval]
-------------+----------------------------------------------------------------
       legal |      2.213    1.34      17.21     0.1156    -0.6022   5.0289
    beertaxa |      4.833    0.91      10.83     0.0003    2.8288    6.8372
  beerpercap |      24.158   1.43       9.95     0.0000    20.9698   27.3454
  winepercap | !    6.002    2.45       3.71     0.0754    -1.0129   13.0167
 _Iyear_1970 |      24.785   3.04      24.74     0.0000    18.5218   31.0489
 _Iyear_1971 |      22.285   2.78      24.73     0.0000    16.5531   28.0178
 _Iyear_1972 |      24.119   3.49      24.83     0.0000    16.9198   31.3185
 _Iyear_1973 |      23.164   2.86      25.01     0.0000    17.2649   29.0640
 _Iyear_1974 |      14.498   3.14      25.14     0.0001    8.0308    20.9647
 _Iyear_1975 |      12.237   2.69      25.04     0.0001    6.6950    17.7786
 _Iyear_1976 |      14.899   2.79      24.99     0.0000    9.1601    20.6381
 _Iyear_1977 |      17.149   2.78      25.04     0.0000    11.4191   22.8791
 _Iyear_1978 |      18.336   2.15      25.15     0.0000    13.9192   22.7528
 _Iyear_1979 |      17.830   2.76      25.24     0.0000    12.1501   23.5105
 _Iyear_1980 |      16.026   2.38      25.31     0.0000    11.1246   20.9268
 _Iyear_1981 |      10.974   2.46      25.39     0.0001    5.9163    16.0323
 _Iyear_1982 |      4.819    2.26      25.34     0.0432    0.1589    9.4795
 _Iyear_1983 |      4.712    1.83      25.40     0.0163    0.9440    8.4801
 _Iyear_1984 |      6.691    1.96      25.31     0.0022    2.6467    10.7353
 _Iyear_1985 |      5.754    1.54      25.11     0.0010    2.5792    8.9284
 _Iyear_1986 |      9.604    1.58      25.38     0.0000    6.3602    12.8484
 _Iyear_1987 |      7.896    1.68      25.32     0.0001    4.4454    11.3464
 _Iyear_1988 |      10.159   1.55      25.16     0.0000    6.9685    13.3499
 _Iyear_1989 |      5.331    1.12      25.13     0.0001    3.0154    7.6466
 _Iyear_1990 |      3.915    1.23      25.17     0.0039    1.3810    6.4494
 _Iyear_1991 |      3.251    1.38      25.14     0.0263    0.4164    6.0866
 _Iyear_1992 |      -1.966   1.42      25.14     0.1780    -4.8878   0.9552
 _Iyear_1993 |      -0.563   1.62      25.10     0.7304    -3.8925   2.7658
 _Iyear_1994 |      0.981    1.90      25.12     0.6095    -2.9238   4.8856
 _Iyear_1995 |      0.102    1.49      25.10     0.9462    -2.9706   3.1738
       _cons |      1.092    2.63      14.59     0.6836    -4.5183   6.7014
------------------------------------------------------------------------------
! dof is less than 4, p-value untrustworthy
see Tipton, E. (in press) Small sample adjustments for robust variance
estimation with meta-regression. Forthcoming in Psychological Methods.

. 
. * p-weighted
. * coef_test(wls_within, vcov = "CR2", cluster = MV_Mortality$state, inverse_var = FALSE, ignore_FE = TRUE)
. *xi, noomit: areg `specification' [pweight=pop], absorb(state) cluster(state)
. xi, noomit: reg_sandwich `specification' [pweight=pop], absorb(state) cluster(state)
note: _Iyear_1996 omitted because of collinearity


Robust standard error estimation using WLS (pweights), with absorb option
                                                      N Level 1     =     1361
                                                      N Level 2     =       51
                                                      Min Level 1 n =       11
                                                      Max Level 1 n =       27
                                                      Average       =    26.69
------------------------------------------------------------------------------
       mrate |      Coef.   Std. Err.  dfs       p-value   [95%Conf. Interval]
-------------+----------------------------------------------------------------
       legal |      2.213    1.08       6.38     0.0839    -0.3959   4.8225
    beertaxa |      4.833    1.13       7.03     0.0036    2.1735    7.4925
  beerpercap |      24.158   0.72       4.15     0.0000    22.1869   26.1283
  winepercap | !    6.002    0.70       1.96     0.0141    2.9311    9.0727
 _Iyear_1970 |      24.785   2.02       7.39     0.0000    20.0512   29.5195
 _Iyear_1971 |      22.285   1.70       7.41     0.0000    18.3190   26.2520
 _Iyear_1972 |      24.119   2.07       7.29     0.0000    19.2750   28.9633
 _Iyear_1973 |      23.164   1.82       7.12     0.0000    18.8872   27.4416
 _Iyear_1974 |      14.498   1.43       7.00     0.0000    11.1241   17.8714
 _Iyear_1975 |      12.237   1.32       6.97     0.0000    9.1146    15.3590
 _Iyear_1976 |      14.899   1.32       6.92     0.0000    11.7790   18.0191
 _Iyear_1977 |      17.149   1.94       6.79     0.0001    12.5274   21.7709
 _Iyear_1978 |      18.336   1.77       6.82     0.0000    14.1281   22.5439
 _Iyear_1979 |      17.830   2.01       6.99     0.0000    13.0830   22.5777
 _Iyear_1980 |      16.026   1.84       7.09     0.0000    11.6806   20.3708
 _Iyear_1981 |      10.974   1.55       7.14     0.0002    7.3262    14.6224
 _Iyear_1982 |      4.819    1.41       7.06     0.0112    1.4803    8.1581
 _Iyear_1983 |      4.712    1.32       7.11     0.0087    1.6096    7.8145
 _Iyear_1984 |      6.691    1.79       7.13     0.0071    2.4700    10.9120
 _Iyear_1985 |      5.754    1.61       7.07     0.0089    1.9566    9.5509
 _Iyear_1986 |      9.604    1.35       7.00     0.0002    6.4203    12.7882
 _Iyear_1987 |      7.896    1.45       6.78     0.0011    4.4367    11.3551
 _Iyear_1988 |      10.159   1.18       6.56     0.0001    7.3273    12.9912
 _Iyear_1989 |      5.331    1.20       6.37     0.0038    2.4336    8.2284
 _Iyear_1990 |      3.915    1.18       6.37     0.0149    1.0587    6.7716
 _Iyear_1991 |      3.251    1.32       6.38     0.0468    0.0617    6.4413
 _Iyear_1992 |      -1.966   1.17       6.38     0.1403    -4.7837   0.8511
 _Iyear_1993 |      -0.563   1.17       6.34     0.6461    -3.3875   2.2608
 _Iyear_1994 |      0.981    1.45       6.38     0.5215    -2.5082   4.4701
 _Iyear_1995 |      0.102    1.39       6.38     0.9440    -3.2506   3.4538
       _cons |      1.092    1.67       7.99     0.5328    -2.7705   4.9537
------------------------------------------------------------------------------
! dof is less than 4, p-value untrustworthy
see Tipton, E. (in press) Small sample adjustments for robust variance
estimation with meta-regression. Forthcoming in Psychological Methods.

. 
. ****************
. log close
      name:  <unnamed>
       log:  C:\Users\marcelot\Dropbox\Freelancer\Stata F-Test\GitHub Tasks 1 and 2\clubSandwich-Stata\reg_sandwich\wrapper_tests_log.txt
  log type:  text
 closed on:  31 Jan 2017, 19:51:53
-------------------------------------------------------------------------------------------------------------------------------------------------
