-------------------------------------------------------------------------------------------------------------------------------------------------
      name:  <unnamed>
       log:  C:\Users\marcelot\Dropbox\Freelancer\Stata F-Test\GitHub Tasks 1 and 2\clubSandwich-Stata\stata replication\replication_standard_log
> .txt
  log type:  text
 opened on:  17 Jan 2017, 14:18:24

. ***********************************************
. display "Replicates the R commands using Stata standard commands"
Replicates the R commands using Stata standard commands

. display "WARNING: VCOV=CR2 is not implemented yet, so the st errors will be of"
WARNING: VCOV=CR2 is not implemented yet, so the st errors will be of

. display "The goal of theses tests is to check if the coefficients are being properly calculated"
The goal of theses tests is to check if the coefficients are being properly calculated

. display "DateTime: $S_DATE $S_TIME"
DateTime: 17 Jan 2017 14:18:24

. 
. use "MortalityRates", replace

. 
. * filter: cause=="Motor Vehicle"
. label list cause
cause:
           1 All
           2 Motor Vehicle
           3 Suicide
           4 Internal

. keep if cause == 2
(4,131 observations deleted)

. 
. * model specification
. 
. local specification = "mrate legal beertaxa beerpercap winepercap i.year"

. 
. ** without absorption
. * unweighted
. * ols_pooled <- lm(specification, data = MV_Mortality)
. *coef_test(ols_pooled, vcov = "CR2", cluster = MV_Mortality$state)
. xi, noomit: reg `specification', nocons cluster(state)

Linear regression                               Number of obs     =      1,361
                                                F(31, 50)         =     108.17
                                                Prob > F          =     0.0000
                                                R-squared         =     0.9092
                                                Root MSE          =     17.258

                                 (Std. Err. adjusted for 51 clusters in state)
------------------------------------------------------------------------------
             |               Robust
       mrate |      Coef.   Std. Err.      t    P>|t|     [95% Conf. Interval]
-------------+----------------------------------------------------------------
       legal |   -4.00443   4.432467    -0.90   0.371     -12.9073    4.898442
    beertaxa |   5.432641   7.179327     0.76   0.453    -8.987462    19.85274
  beerpercap |   38.66285   11.02459     3.51   0.001     16.51932    60.80639
  winepercap |  -43.78662   12.82368    -3.41   0.001    -69.54373    -18.0295
 _Iyear_1970 |   32.45828   10.15336     3.20   0.002     12.06465    52.85191
 _Iyear_1971 |   29.54256   10.78263     2.74   0.008     7.885014     51.2001
 _Iyear_1972 |   33.04445   10.15018     3.26   0.002      12.6572    53.43169
 _Iyear_1973 |   32.28839   10.56008     3.06   0.004     11.07785    53.49893
 _Iyear_1974 |   22.62912   11.02004     2.05   0.045     .4947216    44.76352
 _Iyear_1975 |   19.92497   11.07813     1.80   0.078    -2.326106    42.17604
 _Iyear_1976 |   24.48532   11.50564     2.13   0.038     1.375561    47.59509
 _Iyear_1977 |   24.29344    12.0416     2.02   0.049     .1071768     48.4797
 _Iyear_1978 |   23.73886   12.09925     1.96   0.055    -.5631888    48.04092
 _Iyear_1979 |   23.03815   12.33855     1.87   0.068    -1.744566    47.82087
 _Iyear_1980 |   22.67932   12.31808     1.84   0.072    -2.062267     47.4209
 _Iyear_1981 |    17.4262   12.44144     1.40   0.167    -7.563174    42.41557
 _Iyear_1982 |   11.48475   12.40504     0.93   0.359    -13.43151    36.40101
 _Iyear_1983 |   9.362101   12.99691     0.72   0.475    -16.74297    35.46717
 _Iyear_1984 |   13.10625   12.36136     1.06   0.294    -11.72228    37.93478
 _Iyear_1985 |   11.09519    12.5283     0.89   0.380    -14.06864    36.25903
 _Iyear_1986 |   14.74747   12.16672     1.21   0.231    -9.690102    39.18504
 _Iyear_1987 |   11.39881   12.32021     0.93   0.359    -13.34706    36.14469
 _Iyear_1988 |   12.72723   12.94594     0.98   0.330    -13.27545    38.72991
 _Iyear_1989 |    6.06103   12.91286     0.47   0.641    -19.87521    31.99727
 _Iyear_1990 |   4.733423    12.7763     0.37   0.713    -20.92853    30.39537
 _Iyear_1991 |   2.320149   12.81013     0.18   0.857    -23.40974    28.05004
 _Iyear_1992 |  -1.651736   13.00711    -0.13   0.899    -27.77729    24.47381
 _Iyear_1993 |  -2.198109   12.92575    -0.17   0.866    -28.16025    23.76403
 _Iyear_1994 |   1.433755   12.20439     0.12   0.907    -23.07948    25.94699
 _Iyear_1995 |   .2028907   11.85275     0.02   0.986    -23.60405    24.00983
 _Iyear_1996 |   .3573254   12.13378     0.03   0.977    -24.01408    24.72874
------------------------------------------------------------------------------

. 
. * a-weighted
. * wls_pooled <- lm(specification, weights = pop, data = MV_Mortality)
. * coef_test(wls_pooled, vcov = "CR2", cluster = MV_Mortality$state, inverse_var = TRUE)
. xi, noomit: reg `specification' [aweight=pop], nocons cluster(state)
(sum of wgt is   3.1968e+08)

Linear regression                               Number of obs     =      1,361
                                                F(31, 50)         =     181.97
                                                Prob > F          =     0.0000
                                                R-squared         =     0.9443
                                                Root MSE          =     11.685

                                 (Std. Err. adjusted for 51 clusters in state)
------------------------------------------------------------------------------
             |               Robust
       mrate |      Coef.   Std. Err.      t    P>|t|     [95% Conf. Interval]
-------------+----------------------------------------------------------------
       legal |  -4.236188   4.193631    -1.01   0.317    -12.65934    4.186968
    beertaxa |   18.51862    5.79432     3.20   0.002      6.88039    30.15686
  beerpercap |     21.066   6.294829     3.35   0.002     8.422465    33.70954
  winepercap |  -19.09893   11.41554    -1.67   0.101    -42.02773     3.82986
 _Iyear_1970 |    32.5206   8.844339     3.68   0.001     14.75622    50.28498
 _Iyear_1971 |   31.17211   8.929092     3.49   0.001      13.2375    49.10672
 _Iyear_1972 |   33.63109   9.142246     3.68   0.001     15.26835    51.99383
 _Iyear_1973 |   34.22211   8.640634     3.96   0.000     16.86689    51.57734
 _Iyear_1974 |   26.91059   8.288701     3.25   0.002     10.26224    43.55893
 _Iyear_1975 |   25.50274   8.438649     3.02   0.004     8.553217    42.45227
 _Iyear_1976 |   28.48967   8.559361     3.33   0.002     11.29769    45.68165
 _Iyear_1977 |   30.28837   8.453846     3.58   0.001     13.30832    47.26842
 _Iyear_1978 |   32.22639   8.517928     3.78   0.000     15.11763    49.33515
 _Iyear_1979 |   32.08273   8.740931     3.67   0.001     14.52606    49.63941
 _Iyear_1980 |   30.80978    8.93393     3.45   0.001     12.86546    48.75411
 _Iyear_1981 |   26.11757   9.111042     2.87   0.006     7.817499    44.41763
 _Iyear_1982 |   20.04107   8.823118     2.27   0.027     2.319319    37.76283
 _Iyear_1983 |   19.60385   9.091803     2.16   0.036      1.34243    37.86528
 _Iyear_1984 |   21.43479   9.080982     2.36   0.022     3.195097    39.67447
 _Iyear_1985 |   20.47575   8.986156     2.28   0.027     2.426522    38.52497
 _Iyear_1986 |   23.63072   9.421119     2.51   0.015     4.707849     42.5536
 _Iyear_1987 |   20.78454   9.435831     2.20   0.032     1.832112    39.73696
 _Iyear_1988 |   22.34776    9.76636     2.29   0.026     2.731444    41.96407
 _Iyear_1989 |   16.75912   9.586708     1.75   0.087    -2.496351    36.01459
 _Iyear_1990 |   15.30964   9.418648     1.63   0.110    -3.608274    34.22755
 _Iyear_1991 |   13.68882   9.302563     1.47   0.147     -4.99593    32.37357
 _Iyear_1992 |   8.714707   9.290473     0.94   0.353    -9.945758    27.37517
 _Iyear_1993 |   9.716501    9.25113     1.05   0.299     -8.86494    28.29794
 _Iyear_1994 |   11.29549   8.988673     1.26   0.215    -6.758792    29.34977
 _Iyear_1995 |   10.57572   8.827722     1.20   0.237    -7.155281    28.30672
 _Iyear_1996 |   10.96425   9.102139     1.20   0.234    -7.317931    29.24644
------------------------------------------------------------------------------

. 
. * p-weighted
. * coef_test(wls_pooled, vcov = "CR2", cluster = MV_Mortality$state, inverse_var = FALSE)
. xi, noomit: reg `specification' [pweight=pop], nocons cluster(state)
(sum of wgt is   3.1968e+08)

Linear regression                               Number of obs     =      1,361
                                                F(31, 50)         =     181.97
                                                Prob > F          =     0.0000
                                                R-squared         =     0.9443
                                                Root MSE          =     11.685

                                 (Std. Err. adjusted for 51 clusters in state)
------------------------------------------------------------------------------
             |               Robust
       mrate |      Coef.   Std. Err.      t    P>|t|     [95% Conf. Interval]
-------------+----------------------------------------------------------------
       legal |  -4.236188   4.193631    -1.01   0.317    -12.65934    4.186968
    beertaxa |   18.51862    5.79432     3.20   0.002      6.88039    30.15686
  beerpercap |     21.066   6.294829     3.35   0.002     8.422465    33.70954
  winepercap |  -19.09893   11.41554    -1.67   0.101    -42.02773     3.82986
 _Iyear_1970 |    32.5206   8.844339     3.68   0.001     14.75622    50.28498
 _Iyear_1971 |   31.17211   8.929092     3.49   0.001      13.2375    49.10672
 _Iyear_1972 |   33.63109   9.142246     3.68   0.001     15.26835    51.99383
 _Iyear_1973 |   34.22211   8.640634     3.96   0.000     16.86689    51.57734
 _Iyear_1974 |   26.91059   8.288701     3.25   0.002     10.26224    43.55893
 _Iyear_1975 |   25.50274   8.438649     3.02   0.004     8.553217    42.45227
 _Iyear_1976 |   28.48967   8.559361     3.33   0.002     11.29769    45.68165
 _Iyear_1977 |   30.28837   8.453846     3.58   0.001     13.30832    47.26842
 _Iyear_1978 |   32.22639   8.517928     3.78   0.000     15.11763    49.33515
 _Iyear_1979 |   32.08273   8.740931     3.67   0.001     14.52606    49.63941
 _Iyear_1980 |   30.80978    8.93393     3.45   0.001     12.86546    48.75411
 _Iyear_1981 |   26.11757   9.111042     2.87   0.006     7.817499    44.41763
 _Iyear_1982 |   20.04107   8.823118     2.27   0.027     2.319319    37.76283
 _Iyear_1983 |   19.60385   9.091803     2.16   0.036      1.34243    37.86528
 _Iyear_1984 |   21.43479   9.080982     2.36   0.022     3.195097    39.67447
 _Iyear_1985 |   20.47575   8.986156     2.28   0.027     2.426522    38.52497
 _Iyear_1986 |   23.63072   9.421119     2.51   0.015     4.707849     42.5536
 _Iyear_1987 |   20.78454   9.435831     2.20   0.032     1.832112    39.73696
 _Iyear_1988 |   22.34776    9.76636     2.29   0.026     2.731444    41.96407
 _Iyear_1989 |   16.75912   9.586708     1.75   0.087    -2.496351    36.01459
 _Iyear_1990 |   15.30964   9.418648     1.63   0.110    -3.608274    34.22755
 _Iyear_1991 |   13.68882   9.302563     1.47   0.147     -4.99593    32.37357
 _Iyear_1992 |   8.714707   9.290473     0.94   0.353    -9.945758    27.37517
 _Iyear_1993 |   9.716501    9.25113     1.05   0.299     -8.86494    28.29794
 _Iyear_1994 |   11.29549   8.988673     1.26   0.215    -6.758792    29.34977
 _Iyear_1995 |   10.57572   8.827722     1.20   0.237    -7.155281    28.30672
 _Iyear_1996 |   10.96425   9.102139     1.20   0.234    -7.317931    29.24644
------------------------------------------------------------------------------

. 
. ** with absorption: 
. disp "WARNING: areg has no 'noconstant' option, therefore the values for the dummies are in a different level"
WARNING: areg has no 'noconstant' option, therefore the values for the dummies are in a different level

. 
. * unweighted
. * ols_within <- plm(update(specification, . ~ . - 0), data = MV_Mortality, effect = "individual", index = c("state","year"))
. xi: areg `specification', absorb(state) cluster(state)
i.year            _Iyear_1970-1996    (naturally coded; _Iyear_1970 omitted)

Linear regression, absorbing indicators         Number of obs     =      1,361
                                                F(  30,     50)   =      54.26
                                                Prob > F          =     0.0000
                                                R-squared         =     0.7583
                                                Adj R-squared     =     0.7432
                                                Root MSE          =    10.9835

                                 (Std. Err. adjusted for 51 clusters in state)
------------------------------------------------------------------------------
             |               Robust
       mrate |      Coef.   Std. Err.      t    P>|t|     [95% Conf. Interval]
-------------+----------------------------------------------------------------
       legal |   .1666036   2.374027     0.07   0.944     -4.60177    4.934977
    beertaxa |  -1.150229   6.155965    -0.19   0.853    -13.51485    11.21439
  beerpercap |   32.10047   11.21945     2.86   0.006     9.565542    54.63539
  winepercap |   9.196431   18.47564     0.50   0.621    -27.91299    46.30585
 _Iyear_1971 |  -5.113531   2.437001    -2.10   0.041    -10.00839   -.2186705
 _Iyear_1972 |  -1.739809   1.865287    -0.93   0.355    -5.486348     2.00673
 _Iyear_1973 |  -3.232796    1.96178    -1.65   0.106    -7.173148    .7075554
 _Iyear_1974 |  -13.26218    2.87562    -4.61   0.000    -19.03803   -7.486324
 _Iyear_1975 |  -16.79626   3.029218    -5.54   0.000    -22.88062    -10.7119
 _Iyear_1976 |  -12.64906   2.919334    -4.33   0.000    -18.51272   -6.785408
 _Iyear_1977 |  -11.43844   3.171279    -3.61   0.001    -17.80814   -5.068744
 _Iyear_1978 |  -12.75932   3.500976    -3.64   0.001    -19.79124   -5.727401
 _Iyear_1979 |  -13.84405   4.051396    -3.42   0.001    -21.98152   -5.706584
 _Iyear_1980 |    -14.871   3.695665    -4.02   0.000    -22.29396   -7.448037
 _Iyear_1981 |  -20.60363   4.053708    -5.08   0.000    -28.74574   -12.46152
 _Iyear_1982 |   -26.8797   4.308674    -6.24   0.000    -35.53393   -18.22548
 _Iyear_1983 |  -28.91942   4.619151    -6.26   0.000    -38.19726   -19.64158
 _Iyear_1984 |  -25.57733   4.492793    -5.69   0.000    -34.60137   -16.55329
 _Iyear_1985 |  -27.99384   4.903212    -5.71   0.000    -37.84223   -18.14545
 _Iyear_1986 |  -23.92761   4.372796    -5.47   0.000    -32.71063   -15.14459
 _Iyear_1987 |   -26.2116   4.691521    -5.59   0.000    -35.63479    -16.7884
 _Iyear_1988 |  -23.77382   4.587329    -5.18   0.000    -32.98774    -14.5599
 _Iyear_1989 |  -29.07919   4.424667    -6.57   0.000     -37.9664   -20.19199
 _Iyear_1990 |  -29.77753    4.13471    -7.20   0.000    -38.08234   -21.47272
 _Iyear_1991 |   -31.2104    4.30462    -7.25   0.000    -39.85649   -22.56432
 _Iyear_1992 |  -35.35608   4.454104    -7.94   0.000    -44.30241   -26.40975
 _Iyear_1993 |  -35.25424   4.562379    -7.73   0.000    -44.41804   -26.09043
 _Iyear_1994 |  -31.64867    3.98045    -7.95   0.000    -39.64363    -23.6537
 _Iyear_1995 |  -33.35629   4.063534    -8.21   0.000    -41.51814   -25.19444
 _Iyear_1996 |  -33.87037   4.102187    -8.26   0.000    -42.10986   -25.63088
       _cons |   28.59659   12.45075     2.30   0.026     3.588515    53.60466
-------------+----------------------------------------------------------------
       state |   absorbed                                      (51 categories)

. 
. * a-weighted
. * wls_within <- lm(update(specification, . ~ . + factor(state)), weights = pop, data = MV_Mortality)
. * coef_test(wls_within, vcov = "CR2", cluster = MV_Mortality$state, inverse_var = TRUE)
. xi, noomit: areg `specification' [aweight=pop], absorb(state) cluster(state)
(sum of wgt is   3.1968e+08)
note: _Iyear_1996 omitted because of collinearity

Linear regression, absorbing indicators         Number of obs     =      1,361
                                                F(  30,     50)   =     128.54
                                                Prob > F          =     0.0000
                                                R-squared         =     0.8073
                                                Adj R-squared     =     0.7953
                                                Root MSE          =     6.8998

                                 (Std. Err. adjusted for 51 clusters in state)
------------------------------------------------------------------------------
             |               Robust
       mrate |      Coef.   Std. Err.      t    P>|t|     [95% Conf. Interval]
-------------+----------------------------------------------------------------
       legal |    2.21333   1.924572     1.15   0.256    -1.652287    6.078946
    beertaxa |   4.833024   4.546787     1.06   0.293    -4.299466    13.96551
  beerpercap |   24.15761   6.259959     3.86   0.000     11.58412    36.73111
  winepercap |   6.001898   8.273141     0.73   0.472    -10.61519    22.61899
 _Iyear_1970 |   24.78535   2.491156     9.95   0.000     19.78172    29.78898
 _Iyear_1971 |   22.28546    1.99875    11.15   0.000     18.27085    26.30007
 _Iyear_1972 |   24.11915   2.245082    10.74   0.000     19.60977    28.62853
 _Iyear_1973 |   23.16443   2.028151    11.42   0.000     19.09077     27.2381
 _Iyear_1974 |   14.49776   1.762211     8.23   0.000     10.95825    18.03726
 _Iyear_1975 |    12.2368   1.555951     7.86   0.000     9.111577    15.36202
 _Iyear_1976 |   14.89909   1.525909     9.76   0.000     11.83422    17.96397
 _Iyear_1977 |   17.14913   2.146397     7.99   0.000     12.83796    21.46029
 _Iyear_1978 |   18.33601   1.927166     9.51   0.000     14.46518    22.20684
 _Iyear_1979 |   17.83033   2.099057     8.49   0.000     13.61425    22.04641
 _Iyear_1980 |   16.02569   1.999418     8.02   0.000     12.00974    20.04164
 _Iyear_1981 |   10.97429   1.855609     5.91   0.000     7.247186    14.70139
 _Iyear_1982 |   4.819181   1.692028     2.85   0.006     1.420642     8.21772
 _Iyear_1983 |    4.71205   1.621311     2.91   0.005      1.45555    7.968549
 _Iyear_1984 |   6.690993    1.68726     3.97   0.000     3.302032    10.07995
 _Iyear_1985 |   5.753796    1.51271     3.80   0.000     2.715428    8.792163
 _Iyear_1986 |   9.604282    1.32417     7.25   0.000     6.944609    12.26396
 _Iyear_1987 |   7.895891    1.34555     5.87   0.000     5.193274    10.59851
 _Iyear_1988 |   10.15923   1.123301     9.04   0.000     7.903012    12.41544
 _Iyear_1989 |      5.331   1.069878     4.98   0.000     3.182087    7.479913
 _Iyear_1990 |   3.915178   1.246643     3.14   0.003     1.411222    6.419134
 _Iyear_1991 |   3.251472   1.347418     2.41   0.020     .5451041     5.95784
 _Iyear_1992 |  -1.966295   1.181344    -1.66   0.102    -4.339095    .4065045
 _Iyear_1993 |   -.563364    1.25688    -0.45   0.656    -3.087883    1.961155
 _Iyear_1994 |   .9809126   1.527036     0.64   0.524     -2.08623    4.048055
 _Iyear_1995 |   .1016189   1.457484     0.07   0.945    -2.825823    3.029061
 _Iyear_1996 |          0  (omitted)
       _cons |   1.091581   7.930917     0.14   0.891    -14.83813     17.0213
-------------+----------------------------------------------------------------
       state |   absorbed                                      (51 categories)

. 
. * p-weighted
. * coef_test(wls_within, vcov = "CR2", cluster = MV_Mortality$state, inverse_var = FALSE, ignore_FE = TRUE)
. xi, noomit: areg `specification' [pweight=pop], absorb(state) cluster(state)
(sum of wgt is   3.1968e+08)
note: _Iyear_1996 omitted because of collinearity

Linear regression, absorbing indicators         Number of obs     =      1,361
                                                F(  30,     50)   =     128.54
                                                Prob > F          =     0.0000
                                                R-squared         =     0.8073
                                                Adj R-squared     =     0.7953
                                                Root MSE          =     6.8998

                                 (Std. Err. adjusted for 51 clusters in state)
------------------------------------------------------------------------------
             |               Robust
       mrate |      Coef.   Std. Err.      t    P>|t|     [95% Conf. Interval]
-------------+----------------------------------------------------------------
       legal |    2.21333   1.924572     1.15   0.256    -1.652287    6.078946
    beertaxa |   4.833024   4.546787     1.06   0.293    -4.299466    13.96551
  beerpercap |   24.15761   6.259959     3.86   0.000     11.58412    36.73111
  winepercap |   6.001898   8.273141     0.73   0.472    -10.61519    22.61899
 _Iyear_1970 |   24.78535   2.491156     9.95   0.000     19.78172    29.78898
 _Iyear_1971 |   22.28546    1.99875    11.15   0.000     18.27085    26.30007
 _Iyear_1972 |   24.11915   2.245082    10.74   0.000     19.60977    28.62853
 _Iyear_1973 |   23.16443   2.028151    11.42   0.000     19.09077     27.2381
 _Iyear_1974 |   14.49776   1.762211     8.23   0.000     10.95825    18.03726
 _Iyear_1975 |    12.2368   1.555951     7.86   0.000     9.111577    15.36202
 _Iyear_1976 |   14.89909   1.525909     9.76   0.000     11.83422    17.96397
 _Iyear_1977 |   17.14913   2.146397     7.99   0.000     12.83796    21.46029
 _Iyear_1978 |   18.33601   1.927166     9.51   0.000     14.46518    22.20684
 _Iyear_1979 |   17.83033   2.099057     8.49   0.000     13.61425    22.04641
 _Iyear_1980 |   16.02569   1.999418     8.02   0.000     12.00974    20.04164
 _Iyear_1981 |   10.97429   1.855609     5.91   0.000     7.247186    14.70139
 _Iyear_1982 |   4.819181   1.692028     2.85   0.006     1.420642     8.21772
 _Iyear_1983 |    4.71205   1.621311     2.91   0.005      1.45555    7.968549
 _Iyear_1984 |   6.690993    1.68726     3.97   0.000     3.302032    10.07995
 _Iyear_1985 |   5.753796    1.51271     3.80   0.000     2.715428    8.792163
 _Iyear_1986 |   9.604282    1.32417     7.25   0.000     6.944609    12.26396
 _Iyear_1987 |   7.895891    1.34555     5.87   0.000     5.193274    10.59851
 _Iyear_1988 |   10.15923   1.123301     9.04   0.000     7.903012    12.41544
 _Iyear_1989 |      5.331   1.069878     4.98   0.000     3.182087    7.479913
 _Iyear_1990 |   3.915178   1.246643     3.14   0.003     1.411222    6.419134
 _Iyear_1991 |   3.251472   1.347418     2.41   0.020     .5451041     5.95784
 _Iyear_1992 |  -1.966295   1.181344    -1.66   0.102    -4.339095    .4065045
 _Iyear_1993 |   -.563364    1.25688    -0.45   0.656    -3.087883    1.961155
 _Iyear_1994 |   .9809126   1.527036     0.64   0.524     -2.08623    4.048055
 _Iyear_1995 |   .1016189   1.457484     0.07   0.945    -2.825823    3.029061
 _Iyear_1996 |          0  (omitted)
       _cons |   1.091581   7.930917     0.14   0.891    -14.83813     17.0213
-------------+----------------------------------------------------------------
       state |   absorbed                                      (51 categories)

. 
. ****************
. log close
      name:  <unnamed>
       log:  C:\Users\marcelot\Dropbox\Freelancer\Stata F-Test\GitHub Tasks 1 and 2\clubSandwich-Stata\stata replication\replication_standard_log
> .txt
  log type:  text
 closed on:  17 Jan 2017, 14:18:27
-------------------------------------------------------------------------------------------------------------------------------------------------
